Archive member included because of file (symbol)

/home/charlie/.pebble-sdk/SDKs/current/sdk-core/pebble/aplite/lib/libpebble.a(tmpLyyLn8pebble.o)
                              src/simply/simply_accel.c.25.o (accel_data_service_unsubscribe)
/home/charlie/Development/pebble-sdk-4.2-linux64/arm-cs-tools/bin/../lib/gcc/arm-none-eabi/4.7.2/thumb2/libgcc.a(_aeabi_ldivmod.o)
                              src/simply/simply_menu.c.25.o (__aeabi_ldivmod)
/home/charlie/Development/pebble-sdk-4.2-linux64/arm-cs-tools/bin/../lib/gcc/arm-none-eabi/4.7.2/thumb2/libgcc.a(bpabi.o)
                              /home/charlie/Development/pebble-sdk-4.2-linux64/arm-cs-tools/bin/../lib/gcc/arm-none-eabi/4.7.2/thumb2/libgcc.a(_aeabi_ldivmod.o) (__gnu_ldivmod_helper)
/home/charlie/Development/pebble-sdk-4.2-linux64/arm-cs-tools/bin/../lib/gcc/arm-none-eabi/4.7.2/thumb2/libgcc.a(_dvmd_tls.o)
                              /home/charlie/Development/pebble-sdk-4.2-linux64/arm-cs-tools/bin/../lib/gcc/arm-none-eabi/4.7.2/thumb2/libgcc.a(_aeabi_ldivmod.o) (__aeabi_ldiv0)
/home/charlie/Development/pebble-sdk-4.2-linux64/arm-cs-tools/bin/../lib/gcc/arm-none-eabi/4.7.2/thumb2/libgcc.a(_divdi3.o)
                              /home/charlie/Development/pebble-sdk-4.2-linux64/arm-cs-tools/bin/../lib/gcc/arm-none-eabi/4.7.2/thumb2/libgcc.a(bpabi.o) (__divdi3)
/home/charlie/Development/pebble-sdk-4.2-linux64/arm-cs-tools/bin/../lib/gcc/arm-none-eabi/4.7.2/thumb2/libgcc.a(_udivdi3.o)
                              /home/charlie/Development/pebble-sdk-4.2-linux64/arm-cs-tools/bin/../lib/gcc/arm-none-eabi/4.7.2/thumb2/libgcc.a(bpabi.o) (__udivdi3)
/home/charlie/Development/pebble-sdk-4.2-linux64/arm-cs-tools/bin/../lib/gcc/arm-none-eabi/4.7.2/thumb2/libgcc.a(_udivsi3.o)
                              /home/charlie/Development/pebble-sdk-4.2-linux64/arm-cs-tools/bin/../lib/gcc/arm-none-eabi/4.7.2/thumb2/libgcc.a(_divdi3.o) (__aeabi_uidiv)

Discarded input sections

 .text          0x0000000000000000        0x0 /home/charlie/Development/pebble-sdk-4.2-linux64/arm-cs-tools/bin/../lib/gcc/arm-none-eabi/4.7.2/thumb2/crti.o
 .bss           0x0000000000000000        0x0 /home/charlie/Development/pebble-sdk-4.2-linux64/arm-cs-tools/bin/../lib/gcc/arm-none-eabi/4.7.2/thumb2/crti.o
 .init          0x0000000000000000        0x4 /home/charlie/Development/pebble-sdk-4.2-linux64/arm-cs-tools/bin/../lib/gcc/arm-none-eabi/4.7.2/thumb2/crti.o
 .fini          0x0000000000000000        0x4 /home/charlie/Development/pebble-sdk-4.2-linux64/arm-cs-tools/bin/../lib/gcc/arm-none-eabi/4.7.2/thumb2/crti.o
 .text          0x0000000000000000       0xc8 /home/charlie/Development/pebble-sdk-4.2-linux64/arm-cs-tools/bin/../lib/gcc/arm-none-eabi/4.7.2/thumb2/crtbegin.o
 .bss           0x0000000000000000       0x1c /home/charlie/Development/pebble-sdk-4.2-linux64/arm-cs-tools/bin/../lib/gcc/arm-none-eabi/4.7.2/thumb2/crtbegin.o
 .init_array    0x0000000000000000        0x4 /home/charlie/Development/pebble-sdk-4.2-linux64/arm-cs-tools/bin/../lib/gcc/arm-none-eabi/4.7.2/thumb2/crtbegin.o
 .fini_array    0x0000000000000000        0x4 /home/charlie/Development/pebble-sdk-4.2-linux64/arm-cs-tools/bin/../lib/gcc/arm-none-eabi/4.7.2/thumb2/crtbegin.o
 .eh_frame      0x0000000000000000        0x0 /home/charlie/Development/pebble-sdk-4.2-linux64/arm-cs-tools/bin/../lib/gcc/arm-none-eabi/4.7.2/thumb2/crtbegin.o
 .jcr           0x0000000000000000        0x0 /home/charlie/Development/pebble-sdk-4.2-linux64/arm-cs-tools/bin/../lib/gcc/arm-none-eabi/4.7.2/thumb2/crtbegin.o
 .tm_clone_table
                0x0000000000000000        0x0 /home/charlie/Development/pebble-sdk-4.2-linux64/arm-cs-tools/bin/../lib/gcc/arm-none-eabi/4.7.2/thumb2/crtbegin.o
 .text          0x0000000000000000        0x0 src/main.c.25.o
 .bss           0x0000000000000000        0x0 src/main.c.25.o
 .text          0x0000000000000000        0x0 src/simply/simply.c.25.o
 .bss           0x0000000000000000        0x0 src/simply/simply.c.25.o
 .text          0x0000000000000000        0x0 src/simply/simply_accel.c.25.o
 .bss           0x0000000000000000        0x0 src/simply/simply_accel.c.25.o
 .text          0x0000000000000000        0x0 src/simply/simply_menu.c.25.o
 .bss           0x0000000000000000        0x0 src/simply/simply_menu.c.25.o
 .text          0x0000000000000000        0x0 src/simply/simply_msg.c.25.o
 .bss           0x0000000000000000        0x0 src/simply/simply_msg.c.25.o
 .text          0x0000000000000000        0x0 src/simply/simply_res.c.25.o
 .bss           0x0000000000000000        0x0 src/simply/simply_res.c.25.o
 .text.id_filter
                0x0000000000000000        0xa src/simply/simply_res.c.25.o
 .text.simply_res_remove_image
                0x0000000000000000       0x18 src/simply/simply_res.c.25.o
 .text          0x0000000000000000        0x0 src/simply/simply_splash.c.25.o
 .bss           0x0000000000000000        0x0 src/simply/simply_splash.c.25.o
[...]
Memory Configuration

Name             Origin             Length             Attributes
APP              0x0000000000000000 0x0000000000006000 xrw
*default*        0x0000000000000000 0xffffffffffffffff

Linker script and memory map

LOAD /home/charlie/Development/pebble-sdk-4.2-linux64/arm-cs-tools/bin/../lib/gcc/arm-none-eabi/4.7.2/thumb2/crti.o
LOAD /home/charlie/Development/pebble-sdk-4.2-linux64/arm-cs-tools/bin/../lib/gcc/arm-none-eabi/4.7.2/thumb2/crtbegin.o
LOAD src/main.c.25.o
LOAD src/simply/simply.c.25.o
LOAD src/simply/simply_accel.c.25.o
LOAD src/simply/simply_menu.c.25.o
LOAD src/simply/simply_msg.c.25.o
LOAD src/simply/simply_res.c.25.o
LOAD src/simply/simply_splash.c.25.o
LOAD src/simply/simply_stage.c.25.o
LOAD src/simply/simply_ui.c.25.o
LOAD src/simply/simply_voice.c.25.o
LOAD src/simply/simply_wakeup.c.25.o
LOAD src/simply/simply_window.c.25.o
LOAD src/simply/simply_window_stack.c.25.o
LOAD aplite/appinfo.auto.c.25.o
LOAD /home/charlie/.pebble-sdk/SDKs/current/sdk-core/pebble/aplite/lib/libpebble.a
START GROUP
LOAD /home/charlie/Development/pebble-sdk-4.2-linux64/arm-cs-tools/bin/../lib/gcc/arm-none-eabi/4.7.2/thumb2/libgcc.a
LOAD /home/charlie/Development/pebble-sdk-4.2-linux64/arm-cs-tools/bin/../lib/gcc/arm-none-eabi/4.7.2/../../../../arm-none-eabi/lib/thumb2/libc.a
END GROUP
LOAD /home/charlie/Development/pebble-sdk-4.2-linux64/arm-cs-tools/bin/../lib/gcc/arm-none-eabi/4.7.2/thumb2/crtend.o
LOAD /home/charlie/Development/pebble-sdk-4.2-linux64/arm-cs-tools/bin/../lib/gcc/arm-none-eabi/4.7.2/thumb2/crtn.o

.header         0x0000000000000000       0x82
 *(.pbl_header)
 .pbl_header    0x0000000000000000       0x82 aplite/appinfo.auto.c.25.o
                0x0000000000000000                __pbl_app_info

.note.gnu.build-id
                0x0000000000000082       0x26
                0x0000000000000082                PROVIDE (BUILD_ID, .)
 *(.note.gnu.build-id)
 *fill*         0x0000000000000082        0x2 
 .note.gnu.build-id
                0x0000000000000084       0x24 linker stubs

.text           0x00000000000000a8     0x41d7
 *(.text)
 .text          0x00000000000000a8       0x14 /home/charlie/.pebble-sdk/SDKs/current/sdk-core/pebble/aplite/lib/libpebble.a(tmpLyyLn8pebble.o)
 .text          0x00000000000000bc       0x38 /home/charlie/Development/pebble-sdk-4.2-linux64/arm-cs-tools/bin/../lib/gcc/arm-none-eabi/4.7.2/thumb2/libgcc.a(_aeabi_ldivmod.o)
                0x00000000000000bc                __aeabi_ldivmod
 .text          0x00000000000000f4       0x60 /home/charlie/Development/pebble-sdk-4.2-linux64/arm-cs-tools/bin/../lib/gcc/arm-none-eabi/4.7.2/thumb2/libgcc.a(bpabi.o)
                0x00000000000000f4                __gnu_ldivmod_helper
                0x0000000000000124                __gnu_uldivmod_helper
 .text          0x0000000000000154        0x4 /home/charlie/Development/pebble-sdk-4.2-linux64/arm-cs-tools/bin/../lib/gcc/arm-none-eabi/4.7.2/thumb2/libgcc.a(_dvmd_tls.o)
                0x0000000000000154                __aeabi_ldiv0
                0x0000000000000154                __aeabi_idiv0
 .text          0x0000000000000158      0x36c /home/charlie/Development/pebble-sdk-4.2-linux64/arm-cs-tools/bin/../lib/gcc/arm-none-eabi/4.7.2/thumb2/libgcc.a(_divdi3.o)
                0x0000000000000158                __divdi3
 .text          0x00000000000004c4      0x314 /home/charlie/Development/pebble-sdk-4.2-linux64/arm-cs-tools/bin/../lib/gcc/arm-none-eabi/4.7.2/thumb2/libgcc.a(_udivdi3.o)
                0x00000000000004c4                __udivdi3
 .text          0x00000000000007d8      0x278 /home/charlie/Development/pebble-sdk-4.2-linux64/arm-cs-tools/bin/../lib/gcc/arm-none-eabi/4.7.2/thumb2/libgcc.a(_udivsi3.o)
                0x00000000000007d8                __udivsi3
                0x00000000000007d8                __aeabi_uidiv
                0x0000000000000a34                __aeabi_uidivmod
 *(.text.*)
 .text.startup.main
                0x0000000000000a50       0x16 src/main.c.25.o
                0x0000000000000a50                main
 .text.simply_init
                0x0000000000000a66       0x60 src/simply/simply.c.25.o
                0x0000000000000a66                simply_init
 .text.simply_deinit
                0x0000000000000ac6       0x38 src/simply/simply.c.25.o
                0x0000000000000ac6                simply_deinit
 .text.handle_accel_tap
                0x0000000000000afe       0x1e src/simply/simply_accel.c.25.o
 .text.send_accel_data.isra.1
                0x0000000000000b1c       0x4a src/simply/simply_accel.c.25.o
 .text.handle_accel_data
                0x0000000000000b66        0x6 src/simply/simply_accel.c.25.o
 .text.accel_peek_timer_callback
                0x0000000000000b6c       0x40 src/simply/simply_accel.c.25.o
 .text.simply_accel_handle_packet
                0x0000000000000bac       0x6c src/simply/simply_accel.c.25.o
                0x0000000000000bac                simply_accel_handle_packet
 .text.simply_accel_create
                0x0000000000000c18       0x38 src/simply/simply_accel.c.25.o
                0x0000000000000c18                simply_accel_create
 .text.simply_accel_destroy
                0x0000000000000c50       0x20 src/simply/simply_accel.c.25.o
                0x0000000000000c50                simply_accel_destroy
 .text.list1_remove
                0x0000000000000c70       0x32 src/simply/simply_menu.c.25.o
 .text.prv_section_filter
                0x0000000000000ca2        0xc src/simply/simply_menu.c.25.o
 .text.prv_item_filter
                0x0000000000000cae       0x1a src/simply/simply_menu.c.25.o
 .text.prv_request_item_filter
                0x0000000000000cc8        0xc src/simply/simply_menu.c.25.o
 .text.prv_menu_get_num_sections_callback
                0x0000000000000cd4        0x4 src/simply/simply_menu.c.25.o
 .text.prv_free_title
                0x0000000000000cd8       0x20 src/simply/simply_menu.c.25.o
 .text.prv_destroy_section
                0x0000000000000cf8       0x20 src/simply/simply_menu.c.25.o
 .text.prv_destroy_item
                0x0000000000000d18       0x28 src/simply/simply_menu.c.25.o
 .text.prv_menu_window_unload
                0x0000000000000d40       0x1c src/simply/simply_menu.c.25.o
 .text.prv_reload_data
                0x0000000000000d5c        0xa src/simply/simply_menu.c.25.o
 .text.simply_menu_clear
                0x0000000000000d66       0x28 src/simply/simply_menu.c.25.o
 .text.prv_menu_window_disappear
                0x0000000000000d8e       0x22 src/simply/simply_menu.c.25.o
 .text.prv_menu_window_appear
                0x0000000000000db0        0xe src/simply/simply_menu.c.25.o
 .text.prv_single_click_handler
                0x0000000000000dbe       0x1a src/simply/simply_menu.c.25.o
 .text.gpoint_polar
                0x0000000000000dd8       0x34 src/simply/simply_menu.c.25.o
 .text.prv_mark_dirty
                0x0000000000000e0c       0x14 src/simply/simply_menu.c.25.o
 .text.strdup2  0x0000000000000e20       0x44 src/simply/simply_menu.c.25.o
 .text.prv_menu_window_load
                0x0000000000000e64       0xf0 src/simply/simply_menu.c.25.o
 .text.list1_find_prev.constprop.8
                0x0000000000000f54       0x1c src/simply/simply_menu.c.25.o
 .text.refresh_spinner_timer
                0x0000000000000f70       0x2c src/simply/simply_menu.c.25.o
 .text.spinner_timer_callback
                0x0000000000000f9c       0x16 src/simply/simply_menu.c.25.o
 *fill*         0x0000000000000fb2        0x2 
 .text.prv_click_config_provider
                0x0000000000000fb4       0x24 src/simply/simply_menu.c.25.o
 .text.prv_add_item
                0x0000000000000fd8       0x58 src/simply/simply_menu.c.25.o
 .text.prv_get_menu_section
                0x0000000000001030       0x10 src/simply/simply_menu.c.25.o
 .text.prv_menu_get_num_rows_callback
                0x0000000000001040       0x12 src/simply/simply_menu.c.25.o
 *fill*         0x0000000000001052        0x2 
 .text.prv_menu_get_header_height_callback
                0x0000000000001054       0x24 src/simply/simply_menu.c.25.o
 .text.prv_menu_select_long_click_callback
                0x0000000000001078       0x22 src/simply/simply_menu.c.25.o
 .text.prv_menu_select_click_callback
                0x000000000000109a       0x22 src/simply/simply_menu.c.25.o
 .text.prv_add_section
                0x00000000000010bc       0x50 src/simply/simply_menu.c.25.o
 .text.prv_request_menu_section.part.2
                0x000000000000110c       0x3e src/simply/simply_menu.c.25.o
 *fill*         0x000000000000114a        0x2 
 .text.prv_menu_draw_row_callback
                0x000000000000114c      0x274 src/simply/simply_menu.c.25.o
 .text.prv_menu_draw_header_callback
                0x00000000000013c0       0xc4 src/simply/simply_menu.c.25.o
 .text.simply_menu_handle_packet
                0x0000000000001484      0x1ec src/simply/simply_menu.c.25.o
                0x0000000000001484                simply_menu_handle_packet
 .text.simply_menu_create
                0x0000000000001670       0x3c src/simply/simply_menu.c.25.o
                0x0000000000001670                simply_menu_create
 .text.simply_menu_destroy
                0x00000000000016ac       0x16 src/simply/simply_menu.c.25.o
                0x00000000000016ac                simply_menu_destroy
 .text.list1_remove
                0x00000000000016c2       0x32 src/simply/simply_msg.c.25.o
 .text.dropped_callback
                0x00000000000016f4        0x2 src/simply/simply_msg.c.25.o
 .text.sent_callback
                0x00000000000016f6        0x2 src/simply/simply_msg.c.25.o
 .text.send_msg
                0x00000000000016f8       0x30 src/simply/simply_msg.c.25.o
 .text.handle_packet
                0x0000000000001728      0x18e src/simply/simply_msg.c.25.o
 *fill*         0x00000000000018b6        0x2 
 .text.received_callback
                0x00000000000018b8       0x38 src/simply/simply_msg.c.25.o
 .text.send_msg_retry
                0x00000000000018f0       0xb8 src/simply/simply_msg.c.25.o
 .text.simply_msg_has_communicated
                0x00000000000019a8        0xc src/simply/simply_msg.c.25.o
                0x00000000000019a8                simply_msg_has_communicated
 .text.simply_msg_show_disconnected
                0x00000000000019b4       0x58 src/simply/simply_msg.c.25.o
                0x00000000000019b4                simply_msg_show_disconnected
 .text.failed_callback
                0x0000000000001a0c       0x18 src/simply/simply_msg.c.25.o
 .text.simply_msg_create
                0x0000000000001a24       0x6c src/simply/simply_msg.c.25.o
                0x0000000000001a24                simply_msg_create
 .text.simply_msg_destroy
                0x0000000000001a90       0x1c src/simply/simply_msg.c.25.o
                0x0000000000001a90                simply_msg_destroy
 .text.simply_msg_send
                0x0000000000001aac        0x4 src/simply/simply_msg.c.25.o
                0x0000000000001aac                simply_msg_send
 .text.simply_msg_send_packet
                0x0000000000001ab0       0x84 src/simply/simply_msg.c.25.o
                0x0000000000001ab0                simply_msg_send_packet
 .text.list1_remove
                0x0000000000001b34       0x32 src/simply/simply_res.c.25.o
 .text.destroy_image
                0x0000000000001b66       0x22 src/simply/simply_res.c.25.o
 .text.malloc0  0x0000000000001b88       0x18 src/simply/simply_res.c.25.o
 .text.window_stack_schedule_top_window_render
                0x0000000000001ba0       0x12 src/simply/simply_res.c.25.o
 .text.setup_image
                0x0000000000001bb2       0x64 src/simply/simply_res.c.25.o
 .text.create_bitmap_with_png_data
                0x0000000000001c16        0xc src/simply/simply_res.c.25.o
 .text.create_bitmap_with_id
                0x0000000000001c22       0x12 src/simply/simply_res.c.25.o
 .text.simply_res_evict_image
                0x0000000000001c34       0x1a src/simply/simply_res.c.25.o
                0x0000000000001c34                simply_res_evict_image
 .text.create_image
                0x0000000000001c4e       0x48 src/simply/simply_res.c.25.o
 *fill*         0x0000000000001c96        0x2 
 .text.simply_res_add_bundled_image
                0x0000000000001c98       0x28 src/simply/simply_res.c.25.o
                0x0000000000001c98                simply_res_add_bundled_image
 .text.simply_res_add_image
                0x0000000000001cc0       0x64 src/simply/simply_res.c.25.o
                0x0000000000001cc0                simply_res_add_image
 .text.simply_res_auto_image
                0x0000000000001d24       0x42 src/simply/simply_res.c.25.o
                0x0000000000001d24                simply_res_auto_image
 .text.simply_res_add_custom_font
                0x0000000000001d66       0x40 src/simply/simply_res.c.25.o
                0x0000000000001d66                simply_res_add_custom_font
 .text.simply_res_auto_font
                0x0000000000001da6       0x2a src/simply/simply_res.c.25.o
                0x0000000000001da6                simply_res_auto_font
 .text.simply_res_clear
                0x0000000000001dd0       0x34 src/simply/simply_res.c.25.o
                0x0000000000001dd0                simply_res_clear
 .text.simply_res_create
                0x0000000000001e04       0x2a src/simply/simply_res.c.25.o
                0x0000000000001e04                simply_res_create
 .text.simply_res_destroy
                0x0000000000001e2e       0x12 src/simply/simply_res.c.25.o
                0x0000000000001e2e                simply_res_destroy
 .text.window_load
                0x0000000000001e40       0x12 src/simply/simply_splash.c.25.o
 .text.layer_update_callback
                0x0000000000001e52       0x24 src/simply/simply_splash.c.25.o
                0x0000000000001e52                layer_update_callback
 *fill*         0x0000000000001e76        0x2 
 .text.simply_splash_create
                0x0000000000001e78       0x78 src/simply/simply_splash.c.25.o
                0x0000000000001e78                simply_splash_create
 .text.simply_splash_destroy
                0x0000000000001ef0       0x20 src/simply/simply_splash.c.25.o
                0x0000000000001ef0                simply_splash_destroy
 .text.window_disappear
                0x0000000000001f10       0x1a src/simply/simply_splash.c.25.o
 .text.list1_remove
                0x0000000000001f2a       0x32 src/simply/simply_stage.c.25.o
 .text.element_frame_getter
                0x0000000000001f5c       0x10 src/simply/simply_stage.c.25.o
 .text.window_unload
                0x0000000000001f6c       0x1e src/simply/simply_stage.c.25.o
 .text.destroy_animation
                0x0000000000001f8a       0x24 src/simply/simply_stage.c.25.o
 *fill*         0x0000000000001fae        0x2 
 .text.simply_stage_update_ticker
                0x0000000000001fb0       0x2c src/simply/simply_stage.c.25.o
 .text.simply_stage_clear
                0x0000000000001fdc       0x52 src/simply/simply_stage.c.25.o
 .text.window_disappear
                0x000000000000202e       0x22 src/simply/simply_stage.c.25.o
 .text.handle_tick
                0x0000000000002050       0x12 src/simply/simply_stage.c.25.o
 .text.simply_stage_update
                0x0000000000002062        0xa src/simply/simply_stage.c.25.o
 .text.window_appear
                0x000000000000206c       0x16 src/simply/simply_stage.c.25.o
 *fill*         0x0000000000002082        0x2 
 .text.window_load
                0x0000000000002084       0x60 src/simply/simply_stage.c.25.o
 .text.simply_stage_remove_element
                0x00000000000020e4       0x24 src/simply/simply_stage.c.25.o
 .text.simply_stage_set_element_frame.isra.12
                0x0000000000002108       0x38 src/simply/simply_stage.c.25.o
 .text.element_frame_setter
                0x0000000000002140       0x1e src/simply/simply_stage.c.25.o
 .text.prv_draw_line_polar.constprop.15
                0x000000000000215e       0x46 src/simply/simply_stage.c.25.o
 .text.rect_element_draw.isra.6
                0x00000000000021a4       0x3c src/simply/simply_stage.c.25.o
 .text.layer_update_callback
                0x00000000000021e0      0x380 src/simply/simply_stage.c.25.o
 .text.simply_stage_auto_element
                0x0000000000002560       0x84 src/simply/simply_stage.c.25.o
 .text.animation_stopped
                0x00000000000025e4       0x34 src/simply/simply_stage.c.25.o
 .text.simply_stage_handle_packet
                0x0000000000002618      0x2e8 src/simply/simply_stage.c.25.o
                0x0000000000002618                simply_stage_handle_packet
 .text.simply_stage_create
                0x0000000000002900       0x38 src/simply/simply_stage.c.25.o
                0x0000000000002900                simply_stage_create
 .text.simply_stage_destroy
                0x0000000000002938       0x16 src/simply/simply_stage.c.25.o
                0x0000000000002938                simply_stage_destroy
 .text.is_string
                0x000000000000294e       0x10 src/simply/simply_ui.c.25.o
 .text.window_unload
                0x000000000000295e       0x1e src/simply/simply_ui.c.25.o
 .text.window_disappear
                0x000000000000297c       0x1c src/simply/simply_ui.c.25.o
 .text.window_appear
                0x0000000000002998        0xe src/simply/simply_ui.c.25.o
 .text.graphics_draw_bitmap_centered
                0x00000000000029a6       0x62 src/simply/simply_ui.c.25.o
 .text.mark_dirty
                0x0000000000002a08        0xa src/simply/simply_ui.c.25.o
 .text.show_welcome_text
                0x0000000000002a12       0x18 src/simply/simply_ui.c.25.o
 *fill*         0x0000000000002a2a        0x2 
 .text.layer_update_callback
                0x0000000000002a2c      0x504 src/simply/simply_ui.c.25.o
 .text.simply_ui_set_style
                0x0000000000002f30       0x3c src/simply/simply_ui.c.25.o
                0x0000000000002f30                simply_ui_set_style
 .text.window_load
                0x0000000000002f6c       0x6c src/simply/simply_ui.c.25.o
 .text.simply_ui_set_text
                0x0000000000002fd8       0x74 src/simply/simply_ui.c.25.o
                0x0000000000002fd8                simply_ui_set_text
 .text.simply_ui_set_text_color
                0x000000000000304c        0xc src/simply/simply_ui.c.25.o
                0x000000000000304c                simply_ui_set_text_color
 .text.simply_ui_clear
                0x0000000000003058       0x56 src/simply/simply_ui.c.25.o
                0x0000000000003058                simply_ui_clear
 .text.simply_ui_handle_packet
                0x00000000000030ae       0x70 src/simply/simply_ui.c.25.o
                0x00000000000030ae                simply_ui_handle_packet
 *fill*         0x000000000000311e        0x2 
 .text.simply_ui_create
                0x0000000000003120       0x48 src/simply/simply_ui.c.25.o
                0x0000000000003120                simply_ui_create
 .text.simply_ui_destroy
                0x0000000000003168       0x2a src/simply/simply_ui.c.25.o
                0x0000000000003168                simply_ui_destroy
 .text.wakeup_handler
                0x0000000000003192       0x1c src/simply/simply_wakeup.c.25.o
 .text.wakeup_set_timer_callback
                0x00000000000031ae       0x20 src/simply/simply_wakeup.c.25.o
 *fill*         0x00000000000031ce        0x2 
 .text.simply_wakeup_handle_packet
                0x00000000000031d0       0xac src/simply/simply_wakeup.c.25.o
                0x00000000000031d0                simply_wakeup_handle_packet
 .text.simply_wakeup_init
                0x000000000000327c        0xc src/simply/simply_wakeup.c.25.o
                0x000000000000327c                simply_wakeup_init
 .text.prv_update_layer_placement
                0x0000000000003288       0x9e src/simply/simply_window.c.25.o
 .text.simply_window_single_click_handler
                0x0000000000003326       0x5c src/simply/simply_window.c.25.o
                0x0000000000003326                simply_window_single_click_handler
 *fill*         0x0000000000003382        0x2 
 .text.scroll_layer_set_click_config_provider_onto_window.constprop.5
                0x0000000000003384       0x30 src/simply/simply_window.c.25.o
 .text.click_config_provider
                0x00000000000033b4       0x7c src/simply/simply_window.c.25.o
 .text.long_click_handler
                0x0000000000003430       0x32 src/simply/simply_window.c.25.o
 .text.simply_window_set_scrollable
                0x0000000000003462       0x68 src/simply/simply_window.c.25.o
                0x0000000000003462                simply_window_set_scrollable
 .text.simply_window_set_status_bar
                0x00000000000034ca       0x46 src/simply/simply_window.c.25.o
                0x00000000000034ca                simply_window_set_status_bar
 .text.simply_window_set_background_color
                0x0000000000003510        0xe src/simply/simply_window.c.25.o
                0x0000000000003510                simply_window_set_background_color
 .text.simply_window_set_status_bar_colors
                0x000000000000351e        0xa src/simply/simply_window.c.25.o
                0x000000000000351e                simply_window_set_status_bar_colors
 .text.simply_window_set_status_bar_separator_mode
                0x0000000000003528        0xa src/simply/simply_window.c.25.o
                0x0000000000003528                simply_window_set_status_bar_separator_mode
 *fill*         0x0000000000003532        0x2 
 .text.simply_window_set_action_bar
                0x0000000000003534       0x54 src/simply/simply_window.c.25.o
                0x0000000000003534                simply_window_set_action_bar
 .text.simply_window_set_action_bar_icon
                0x0000000000003588       0x58 src/simply/simply_window.c.25.o
                0x0000000000003588                simply_window_set_action_bar_icon
 .text.simply_window_set_action_bar_background_color
                0x00000000000035e0       0x38 src/simply/simply_window.c.25.o
                0x00000000000035e0                simply_window_set_action_bar_background_color
 .text.simply_window_action_bar_clear
                0x0000000000003618       0x2c src/simply/simply_window.c.25.o
                0x0000000000003618                simply_window_action_bar_clear
 .text.simply_window_preload
                0x0000000000003644       0x30 src/simply/simply_window.c.25.o
                0x0000000000003644                simply_window_preload
 .text.simply_window_load
                0x0000000000003674       0x9c src/simply/simply_window.c.25.o
                0x0000000000003674                simply_window_load
 .text.simply_window_appear
                0x0000000000003710       0x1c src/simply/simply_window.c.25.o
                0x0000000000003710                simply_window_appear
 .text.simply_window_disappear
                0x000000000000372c       0x1c src/simply/simply_window.c.25.o
                0x000000000000372c                simply_window_disappear
 .text.simply_window_unload
                0x0000000000003748       0x32 src/simply/simply_window.c.25.o
                0x0000000000003748                simply_window_unload
 .text.simply_window_handle_packet
                0x000000000000377a       0xc0 src/simply/simply_window.c.25.o
                0x000000000000377a                simply_window_handle_packet
 .text.simply_window_init
                0x000000000000383a       0x26 src/simply/simply_window.c.25.o
                0x000000000000383a                simply_window_init
 .text.simply_window_deinit
                0x0000000000003860       0x12 src/simply/simply_window.c.25.o
                0x0000000000003860                simply_window_deinit
 .text.show_window_sdk_3.isra.4
                0x0000000000003872       0x50 src/simply/simply_window_stack.c.25.o
 *fill*         0x00000000000038c2        0x2 
 .text.simply_window_stack_set_broadcast
                0x00000000000038c4       0x10 src/simply/simply_window_stack.c.25.o
                0x00000000000038c4                simply_window_stack_set_broadcast
 .text.simply_window_stack_get_top_window
                0x00000000000038d4       0x20 src/simply/simply_window_stack.c.25.o
                0x00000000000038d4                simply_window_stack_get_top_window
 .text.simply_window_stack_show
                0x00000000000038f4        0x4 src/simply/simply_window_stack.c.25.o
                0x00000000000038f4                simply_window_stack_show
 .text.simply_window_stack_pop
                0x00000000000038f8       0x26 src/simply/simply_window_stack.c.25.o
                0x00000000000038f8                simply_window_stack_pop
 *fill*         0x000000000000391e        0x2 
 .text.simply_window_stack_send_show
                0x0000000000003920       0x30 src/simply/simply_window_stack.c.25.o
                0x0000000000003920                simply_window_stack_send_show
 .text.simply_window_stack_send_hide
                0x0000000000003950       0x30 src/simply/simply_window_stack.c.25.o
                0x0000000000003950                simply_window_stack_send_hide
 .text.simply_window_stack_back
                0x0000000000003980       0x1a src/simply/simply_window_stack.c.25.o
                0x0000000000003980                simply_window_stack_back
 .text.simply_window_stack_handle_packet
                0x000000000000399a       0x4a src/simply/simply_window_stack.c.25.o
                0x000000000000399a                simply_window_stack_handle_packet
 .text.simply_window_stack_create
                0x00000000000039e4       0x12 src/simply/simply_window_stack.c.25.o
                0x00000000000039e4                simply_window_stack_create
 .text.simply_window_stack_destroy
                0x00000000000039f6        0x8 src/simply/simply_window_stack.c.25.o
                0x00000000000039f6                simply_window_stack_destroy
 *fill*         0x00000000000039fe        0x2 
 .text.accel_data_service_unsubscribe
                0x0000000000003a00        0xc /home/charlie/.pebble-sdk/SDKs/current/sdk-core/pebble/aplite/lib/libpebble.a(tmpLyyLn8pebble.o)
                0x0000000000003a00                accel_data_service_unsubscribe
 .text.accel_service_peek
                0x0000000000003a0c        0xc /home/charlie/.pebble-sdk/SDKs/current/sdk-core/pebble/aplite/lib/libpebble.a(tmpLyyLn8pebble.o)
                0x0000000000003a0c                accel_service_peek
 .text.accel_service_set_sampling_rate
                0x0000000000003a18        0xc /home/charlie/.pebble-sdk/SDKs/current/sdk-core/pebble/aplite/lib/libpebble.a(tmpLyyLn8pebble.o)
                0x0000000000003a18                accel_service_set_sampling_rate
 .text.accel_tap_service_subscribe
                0x0000000000003a24        0xc /home/charlie/.pebble-sdk/SDKs/current/sdk-core/pebble/aplite/lib/libpebble.a(tmpLyyLn8pebble.o)
                0x0000000000003a24                accel_tap_service_subscribe
 .text.accel_tap_service_unsubscribe
                0x0000000000003a30        0xc /home/charlie/.pebble-sdk/SDKs/current/sdk-core/pebble/aplite/lib/libpebble.a(tmpLyyLn8pebble.o)
                0x0000000000003a30                accel_tap_service_unsubscribe
 .text.app_event_loop
                0x0000000000003a3c        0xc /home/charlie/.pebble-sdk/SDKs/current/sdk-core/pebble/aplite/lib/libpebble.a(tmpLyyLn8pebble.o)
                0x0000000000003a3c                app_event_loop
 .text.app_message_deregister_callbacks
                0x0000000000003a48        0xc /home/charlie/.pebble-sdk/SDKs/current/sdk-core/pebble/aplite/lib/libpebble.a(tmpLyyLn8pebble.o)
                0x0000000000003a48                app_message_deregister_callbacks
 .text.app_message_open
                0x0000000000003a54        0xc /home/charlie/.pebble-sdk/SDKs/current/sdk-core/pebble/aplite/lib/libpebble.a(tmpLyyLn8pebble.o)
                0x0000000000003a54                app_message_open
 .text.app_timer_cancel
                0x0000000000003a60        0xc /home/charlie/.pebble-sdk/SDKs/current/sdk-core/pebble/aplite/lib/libpebble.a(tmpLyyLn8pebble.o)
                0x0000000000003a60                app_timer_cancel
 .text.app_timer_register
                0x0000000000003a6c        0xc /home/charlie/.pebble-sdk/SDKs/current/sdk-core/pebble/aplite/lib/libpebble.a(tmpLyyLn8pebble.o)
                0x0000000000003a6c                app_timer_register
 .text.click_recognizer_get_button_id
                0x0000000000003a78        0xc /home/charlie/.pebble-sdk/SDKs/current/sdk-core/pebble/aplite/lib/libpebble.a(tmpLyyLn8pebble.o)
                0x0000000000003a78                click_recognizer_get_button_id
 .text.cos_lookup
                0x0000000000003a84        0xc /home/charlie/.pebble-sdk/SDKs/current/sdk-core/pebble/aplite/lib/libpebble.a(tmpLyyLn8pebble.o)
                0x0000000000003a84                cos_lookup
 .text.dict_find
                0x0000000000003a90        0xc /home/charlie/.pebble-sdk/SDKs/current/sdk-core/pebble/aplite/lib/libpebble.a(tmpLyyLn8pebble.o)
                0x0000000000003a90                dict_find
 .text.dict_write_data
                0x0000000000003a9c        0xc /home/charlie/.pebble-sdk/SDKs/current/sdk-core/pebble/aplite/lib/libpebble.a(tmpLyyLn8pebble.o)
                0x0000000000003a9c                dict_write_data
 .text.fonts_get_system_font
                0x0000000000003aa8        0xc /home/charlie/.pebble-sdk/SDKs/current/sdk-core/pebble/aplite/lib/libpebble.a(tmpLyyLn8pebble.o)
                0x0000000000003aa8                fonts_get_system_font
 .text.fonts_load_custom_font
                0x0000000000003ab4        0xc /home/charlie/.pebble-sdk/SDKs/current/sdk-core/pebble/aplite/lib/libpebble.a(tmpLyyLn8pebble.o)
                0x0000000000003ab4                fonts_load_custom_font
 .text.fonts_unload_custom_font
                0x0000000000003ac0        0xc /home/charlie/.pebble-sdk/SDKs/current/sdk-core/pebble/aplite/lib/libpebble.a(tmpLyyLn8pebble.o)
                0x0000000000003ac0                fonts_unload_custom_font
 .text.free     0x0000000000003acc        0xc /home/charlie/.pebble-sdk/SDKs/current/sdk-core/pebble/aplite/lib/libpebble.a(tmpLyyLn8pebble.o)
                0x0000000000003acc                free
 .text.gbitmap_create_with_resource
                0x0000000000003ad8        0xc /home/charlie/.pebble-sdk/SDKs/current/sdk-core/pebble/aplite/lib/libpebble.a(tmpLyyLn8pebble.o)
                0x0000000000003ad8                gbitmap_create_with_resource
 .text.gbitmap_destroy
                0x0000000000003ae4        0xc /home/charlie/.pebble-sdk/SDKs/current/sdk-core/pebble/aplite/lib/libpebble.a(tmpLyyLn8pebble.o)
                0x0000000000003ae4                gbitmap_destroy
 .text.graphics_context_set_compositing_mode
                0x0000000000003af0        0xc /home/charlie/.pebble-sdk/SDKs/current/sdk-core/pebble/aplite/lib/libpebble.a(tmpLyyLn8pebble.o)
                0x0000000000003af0                graphics_context_set_compositing_mode
 .text.graphics_draw_bitmap_in_rect
                0x0000000000003afc        0xc /home/charlie/.pebble-sdk/SDKs/current/sdk-core/pebble/aplite/lib/libpebble.a(tmpLyyLn8pebble.o)
                0x0000000000003afc                graphics_draw_bitmap_in_rect
 .text.graphics_draw_circle
                0x0000000000003b08        0xc /home/charlie/.pebble-sdk/SDKs/current/sdk-core/pebble/aplite/lib/libpebble.a(tmpLyyLn8pebble.o)
                0x0000000000003b08                graphics_draw_circle
 .text.graphics_draw_line
                0x0000000000003b14        0xc /home/charlie/.pebble-sdk/SDKs/current/sdk-core/pebble/aplite/lib/libpebble.a(tmpLyyLn8pebble.o)
                0x0000000000003b14                graphics_draw_line
 .text.graphics_draw_round_rect
                0x0000000000003b20        0xc /home/charlie/.pebble-sdk/SDKs/current/sdk-core/pebble/aplite/lib/libpebble.a(tmpLyyLn8pebble.o)
                0x0000000000003b20                graphics_draw_round_rect
 .text.graphics_fill_circle
                0x0000000000003b2c        0xc /home/charlie/.pebble-sdk/SDKs/current/sdk-core/pebble/aplite/lib/libpebble.a(tmpLyyLn8pebble.o)
                0x0000000000003b2c                graphics_fill_circle
 .text.graphics_fill_rect
                0x0000000000003b38        0xc /home/charlie/.pebble-sdk/SDKs/current/sdk-core/pebble/aplite/lib/libpebble.a(tmpLyyLn8pebble.o)
                0x0000000000003b38                graphics_fill_rect
 .text.grect_center_point
                0x0000000000003b44        0xc /home/charlie/.pebble-sdk/SDKs/current/sdk-core/pebble/aplite/lib/libpebble.a(tmpLyyLn8pebble.o)
                0x0000000000003b44                grect_center_point
 .text.grect_standardize
                0x0000000000003b50        0xc /home/charlie/.pebble-sdk/SDKs/current/sdk-core/pebble/aplite/lib/libpebble.a(tmpLyyLn8pebble.o)
                0x0000000000003b50                grect_standardize
 .text.gsize_equal
                0x0000000000003b5c        0xc /home/charlie/.pebble-sdk/SDKs/current/sdk-core/pebble/aplite/lib/libpebble.a(tmpLyyLn8pebble.o)
                0x0000000000003b5c                gsize_equal
 .text.inverter_layer_create
                0x0000000000003b68        0xc /home/charlie/.pebble-sdk/SDKs/current/sdk-core/pebble/aplite/lib/libpebble.a(tmpLyyLn8pebble.o)
                0x0000000000003b68                inverter_layer_create
 .text.inverter_layer_destroy
                0x0000000000003b74        0xc /home/charlie/.pebble-sdk/SDKs/current/sdk-core/pebble/aplite/lib/libpebble.a(tmpLyyLn8pebble.o)
                0x0000000000003b74                inverter_layer_destroy
 .text.inverter_layer_get_layer
                0x0000000000003b80        0xc /home/charlie/.pebble-sdk/SDKs/current/sdk-core/pebble/aplite/lib/libpebble.a(tmpLyyLn8pebble.o)
                0x0000000000003b80                inverter_layer_get_layer
 .text.layer_add_child
                0x0000000000003b8c        0xc /home/charlie/.pebble-sdk/SDKs/current/sdk-core/pebble/aplite/lib/libpebble.a(tmpLyyLn8pebble.o)
                0x0000000000003b8c                layer_add_child
 .text.layer_create_with_data
                0x0000000000003b98        0xc /home/charlie/.pebble-sdk/SDKs/current/sdk-core/pebble/aplite/lib/libpebble.a(tmpLyyLn8pebble.o)
                0x0000000000003b98                layer_create_with_data
 .text.layer_destroy
                0x0000000000003ba4        0xc /home/charlie/.pebble-sdk/SDKs/current/sdk-core/pebble/aplite/lib/libpebble.a(tmpLyyLn8pebble.o)
                0x0000000000003ba4                layer_destroy
 .text.layer_get_bounds
                0x0000000000003bb0        0xc /home/charlie/.pebble-sdk/SDKs/current/sdk-core/pebble/aplite/lib/libpebble.a(tmpLyyLn8pebble.o)
                0x0000000000003bb0                layer_get_bounds
 .text.layer_get_data
                0x0000000000003bbc        0xc /home/charlie/.pebble-sdk/SDKs/current/sdk-core/pebble/aplite/lib/libpebble.a(tmpLyyLn8pebble.o)
                0x0000000000003bbc                layer_get_data
 .text.layer_get_frame
                0x0000000000003bc8        0xc /home/charlie/.pebble-sdk/SDKs/current/sdk-core/pebble/aplite/lib/libpebble.a(tmpLyyLn8pebble.o)
                0x0000000000003bc8                layer_get_frame
 .text.layer_get_window
                0x0000000000003bd4        0xc /home/charlie/.pebble-sdk/SDKs/current/sdk-core/pebble/aplite/lib/libpebble.a(tmpLyyLn8pebble.o)
                0x0000000000003bd4                layer_get_window
 .text.layer_mark_dirty
                0x0000000000003be0        0xc /home/charlie/.pebble-sdk/SDKs/current/sdk-core/pebble/aplite/lib/libpebble.a(tmpLyyLn8pebble.o)
                0x0000000000003be0                layer_mark_dirty
 .text.layer_remove_from_parent
                0x0000000000003bec        0xc /home/charlie/.pebble-sdk/SDKs/current/sdk-core/pebble/aplite/lib/libpebble.a(tmpLyyLn8pebble.o)
                0x0000000000003bec                layer_remove_from_parent
 .text.layer_set_frame
                0x0000000000003bf8        0xc /home/charlie/.pebble-sdk/SDKs/current/sdk-core/pebble/aplite/lib/libpebble.a(tmpLyyLn8pebble.o)
                0x0000000000003bf8                layer_set_frame
 .text.layer_set_update_proc
                0x0000000000003c04        0xc /home/charlie/.pebble-sdk/SDKs/current/sdk-core/pebble/aplite/lib/libpebble.a(tmpLyyLn8pebble.o)
                0x0000000000003c04                layer_set_update_proc
 .text.light_enable
                0x0000000000003c10        0xc /home/charlie/.pebble-sdk/SDKs/current/sdk-core/pebble/aplite/lib/libpebble.a(tmpLyyLn8pebble.o)
                0x0000000000003c10                light_enable
 .text.light_enable_interaction
                0x0000000000003c1c        0xc /home/charlie/.pebble-sdk/SDKs/current/sdk-core/pebble/aplite/lib/libpebble.a(tmpLyyLn8pebble.o)
                0x0000000000003c1c                light_enable_interaction
 .text.malloc   0x0000000000003c28        0xc /home/charlie/.pebble-sdk/SDKs/current/sdk-core/pebble/aplite/lib/libpebble.a(tmpLyyLn8pebble.o)
                0x0000000000003c28                malloc
 .text.memcpy   0x0000000000003c34        0xc /home/charlie/.pebble-sdk/SDKs/current/sdk-core/pebble/aplite/lib/libpebble.a(tmpLyyLn8pebble.o)
                0x0000000000003c34                memcpy
 .text.memset   0x0000000000003c40        0xc /home/charlie/.pebble-sdk/SDKs/current/sdk-core/pebble/aplite/lib/libpebble.a(tmpLyyLn8pebble.o)
                0x0000000000003c40                memset
 .text.menu_cell_basic_draw
                0x0000000000003c4c        0xc /home/charlie/.pebble-sdk/SDKs/current/sdk-core/pebble/aplite/lib/libpebble.a(tmpLyyLn8pebble.o)
                0x0000000000003c4c                menu_cell_basic_draw
 .text.menu_layer_destroy
                0x0000000000003c58        0xc /home/charlie/.pebble-sdk/SDKs/current/sdk-core/pebble/aplite/lib/libpebble.a(tmpLyyLn8pebble.o)
                0x0000000000003c58                menu_layer_destroy
 .text.menu_layer_get_layer
                0x0000000000003c64        0xc /home/charlie/.pebble-sdk/SDKs/current/sdk-core/pebble/aplite/lib/libpebble.a(tmpLyyLn8pebble.o)
                0x0000000000003c64                menu_layer_get_layer
 .text.menu_layer_get_selected_index
                0x0000000000003c70        0xc /home/charlie/.pebble-sdk/SDKs/current/sdk-core/pebble/aplite/lib/libpebble.a(tmpLyyLn8pebble.o)
                0x0000000000003c70                menu_layer_get_selected_index
 .text.menu_layer_reload_data
                0x0000000000003c7c        0xc /home/charlie/.pebble-sdk/SDKs/current/sdk-core/pebble/aplite/lib/libpebble.a(tmpLyyLn8pebble.o)
                0x0000000000003c7c                menu_layer_reload_data
 .text.menu_layer_set_click_config_onto_window
                0x0000000000003c88        0xc /home/charlie/.pebble-sdk/SDKs/current/sdk-core/pebble/aplite/lib/libpebble.a(tmpLyyLn8pebble.o)
                0x0000000000003c88                menu_layer_set_click_config_onto_window
 .text.menu_layer_set_selected_index
                0x0000000000003c94        0xc /home/charlie/.pebble-sdk/SDKs/current/sdk-core/pebble/aplite/lib/libpebble.a(tmpLyyLn8pebble.o)
                0x0000000000003c94                menu_layer_set_selected_index
 .text.resource_get_handle
                0x0000000000003ca0        0xc /home/charlie/.pebble-sdk/SDKs/current/sdk-core/pebble/aplite/lib/libpebble.a(tmpLyyLn8pebble.o)
                0x0000000000003ca0                resource_get_handle
 .text.scroll_layer_add_child
                0x0000000000003cac        0xc /home/charlie/.pebble-sdk/SDKs/current/sdk-core/pebble/aplite/lib/libpebble.a(tmpLyyLn8pebble.o)
                0x0000000000003cac                scroll_layer_add_child
 .text.scroll_layer_create
                0x0000000000003cb8        0xc /home/charlie/.pebble-sdk/SDKs/current/sdk-core/pebble/aplite/lib/libpebble.a(tmpLyyLn8pebble.o)
                0x0000000000003cb8                scroll_layer_create
 .text.scroll_layer_destroy
                0x0000000000003cc4        0xc /home/charlie/.pebble-sdk/SDKs/current/sdk-core/pebble/aplite/lib/libpebble.a(tmpLyyLn8pebble.o)
                0x0000000000003cc4                scroll_layer_destroy
 .text.scroll_layer_get_content_offset
                0x0000000000003cd0        0xc /home/charlie/.pebble-sdk/SDKs/current/sdk-core/pebble/aplite/lib/libpebble.a(tmpLyyLn8pebble.o)
                0x0000000000003cd0                scroll_layer_get_content_offset
 .text.scroll_layer_get_content_size
                0x0000000000003cdc        0xc /home/charlie/.pebble-sdk/SDKs/current/sdk-core/pebble/aplite/lib/libpebble.a(tmpLyyLn8pebble.o)
                0x0000000000003cdc                scroll_layer_get_content_size
 .text.scroll_layer_get_layer
                0x0000000000003ce8        0xc /home/charlie/.pebble-sdk/SDKs/current/sdk-core/pebble/aplite/lib/libpebble.a(tmpLyyLn8pebble.o)
                0x0000000000003ce8                scroll_layer_get_layer
 .text.scroll_layer_set_click_config_onto_window
                0x0000000000003cf4        0xc /home/charlie/.pebble-sdk/SDKs/current/sdk-core/pebble/aplite/lib/libpebble.a(tmpLyyLn8pebble.o)
                0x0000000000003cf4                scroll_layer_set_click_config_onto_window
 .text.scroll_layer_set_content_offset
                0x0000000000003d00        0xc /home/charlie/.pebble-sdk/SDKs/current/sdk-core/pebble/aplite/lib/libpebble.a(tmpLyyLn8pebble.o)
                0x0000000000003d00                scroll_layer_set_content_offset
 .text.scroll_layer_set_content_size
                0x0000000000003d0c        0xc /home/charlie/.pebble-sdk/SDKs/current/sdk-core/pebble/aplite/lib/libpebble.a(tmpLyyLn8pebble.o)
                0x0000000000003d0c                scroll_layer_set_content_size
 .text.scroll_layer_set_context
                0x0000000000003d18        0xc /home/charlie/.pebble-sdk/SDKs/current/sdk-core/pebble/aplite/lib/libpebble.a(tmpLyyLn8pebble.o)
                0x0000000000003d18                scroll_layer_set_context
 .text.scroll_layer_set_shadow_hidden
                0x0000000000003d24        0xc /home/charlie/.pebble-sdk/SDKs/current/sdk-core/pebble/aplite/lib/libpebble.a(tmpLyyLn8pebble.o)
                0x0000000000003d24                scroll_layer_set_shadow_hidden
 .text.sin_lookup
                0x0000000000003d30        0xc /home/charlie/.pebble-sdk/SDKs/current/sdk-core/pebble/aplite/lib/libpebble.a(tmpLyyLn8pebble.o)
                0x0000000000003d30                sin_lookup
 .text.strftime
                0x0000000000003d3c        0xc /home/charlie/.pebble-sdk/SDKs/current/sdk-core/pebble/aplite/lib/libpebble.a(tmpLyyLn8pebble.o)
                0x0000000000003d3c                strftime
 .text.strlen   0x0000000000003d48        0xc /home/charlie/.pebble-sdk/SDKs/current/sdk-core/pebble/aplite/lib/libpebble.a(tmpLyyLn8pebble.o)
                0x0000000000003d48                strlen
 .text.strncpy  0x0000000000003d54        0xc /home/charlie/.pebble-sdk/SDKs/current/sdk-core/pebble/aplite/lib/libpebble.a(tmpLyyLn8pebble.o)
                0x0000000000003d54                strncpy
 .text.tick_timer_service_subscribe
                0x0000000000003d60        0xc /home/charlie/.pebble-sdk/SDKs/current/sdk-core/pebble/aplite/lib/libpebble.a(tmpLyyLn8pebble.o)
                0x0000000000003d60                tick_timer_service_subscribe
 .text.tick_timer_service_unsubscribe
                0x0000000000003d6c        0xc /home/charlie/.pebble-sdk/SDKs/current/sdk-core/pebble/aplite/lib/libpebble.a(tmpLyyLn8pebble.o)
                0x0000000000003d6c                tick_timer_service_unsubscribe
 .text.vibes_double_pulse
                0x0000000000003d78        0xc /home/charlie/.pebble-sdk/SDKs/current/sdk-core/pebble/aplite/lib/libpebble.a(tmpLyyLn8pebble.o)
                0x0000000000003d78                vibes_double_pulse
 .text.vibes_long_pulse
                0x0000000000003d84        0xc /home/charlie/.pebble-sdk/SDKs/current/sdk-core/pebble/aplite/lib/libpebble.a(tmpLyyLn8pebble.o)
                0x0000000000003d84                vibes_long_pulse
 .text.vibes_short_pulse
                0x0000000000003d90        0xc /home/charlie/.pebble-sdk/SDKs/current/sdk-core/pebble/aplite/lib/libpebble.a(tmpLyyLn8pebble.o)
                0x0000000000003d90                vibes_short_pulse
 .text.window_create
                0x0000000000003d9c        0xc /home/charlie/.pebble-sdk/SDKs/current/sdk-core/pebble/aplite/lib/libpebble.a(tmpLyyLn8pebble.o)
                0x0000000000003d9c                window_create
 .text.window_destroy
                0x0000000000003da8        0xc /home/charlie/.pebble-sdk/SDKs/current/sdk-core/pebble/aplite/lib/libpebble.a(tmpLyyLn8pebble.o)
                0x0000000000003da8                window_destroy
 .text.window_get_click_config_provider
                0x0000000000003db4        0xc /home/charlie/.pebble-sdk/SDKs/current/sdk-core/pebble/aplite/lib/libpebble.a(tmpLyyLn8pebble.o)
                0x0000000000003db4                window_get_click_config_provider
 .text.window_get_root_layer
                0x0000000000003dc0        0xc /home/charlie/.pebble-sdk/SDKs/current/sdk-core/pebble/aplite/lib/libpebble.a(tmpLyyLn8pebble.o)
                0x0000000000003dc0                window_get_root_layer
 .text.window_set_click_config_provider_with_context
                0x0000000000003dcc        0xc /home/charlie/.pebble-sdk/SDKs/current/sdk-core/pebble/aplite/lib/libpebble.a(tmpLyyLn8pebble.o)
                0x0000000000003dcc                window_set_click_config_provider_with_context
 .text.window_set_window_handlers
                0x0000000000003dd8        0xc /home/charlie/.pebble-sdk/SDKs/current/sdk-core/pebble/aplite/lib/libpebble.a(tmpLyyLn8pebble.o)
                0x0000000000003dd8                window_set_window_handlers
 .text.window_stack_get_top_window
                0x0000000000003de4        0xc /home/charlie/.pebble-sdk/SDKs/current/sdk-core/pebble/aplite/lib/libpebble.a(tmpLyyLn8pebble.o)
                0x0000000000003de4                window_stack_get_top_window
 .text.window_stack_pop
                0x0000000000003df0        0xc /home/charlie/.pebble-sdk/SDKs/current/sdk-core/pebble/aplite/lib/libpebble.a(tmpLyyLn8pebble.o)
                0x0000000000003df0                window_stack_pop
 .text.window_stack_pop_all
                0x0000000000003dfc        0xc /home/charlie/.pebble-sdk/SDKs/current/sdk-core/pebble/aplite/lib/libpebble.a(tmpLyyLn8pebble.o)
                0x0000000000003dfc                window_stack_pop_all
 .text.window_stack_push
                0x0000000000003e08        0xc /home/charlie/.pebble-sdk/SDKs/current/sdk-core/pebble/aplite/lib/libpebble.a(tmpLyyLn8pebble.o)
                0x0000000000003e08                window_stack_push
 .text.window_stack_remove
                0x0000000000003e14        0xc /home/charlie/.pebble-sdk/SDKs/current/sdk-core/pebble/aplite/lib/libpebble.a(tmpLyyLn8pebble.o)
                0x0000000000003e14                window_stack_remove
 .text.window_get_user_data
                0x0000000000003e20        0xc /home/charlie/.pebble-sdk/SDKs/current/sdk-core/pebble/aplite/lib/libpebble.a(tmpLyyLn8pebble.o)
                0x0000000000003e20                window_get_user_data
 .text.window_set_user_data
                0x0000000000003e2c        0xc /home/charlie/.pebble-sdk/SDKs/current/sdk-core/pebble/aplite/lib/libpebble.a(tmpLyyLn8pebble.o)
                0x0000000000003e2c                window_set_user_data
 .text.app_message_outbox_begin
                0x0000000000003e38        0xc /home/charlie/.pebble-sdk/SDKs/current/sdk-core/pebble/aplite/lib/libpebble.a(tmpLyyLn8pebble.o)
                0x0000000000003e38                app_message_outbox_begin
 .text.app_message_outbox_send
                0x0000000000003e44        0xc /home/charlie/.pebble-sdk/SDKs/current/sdk-core/pebble/aplite/lib/libpebble.a(tmpLyyLn8pebble.o)
                0x0000000000003e44                app_message_outbox_send
 .text.app_message_register_inbox_dropped
                0x0000000000003e50        0xc /home/charlie/.pebble-sdk/SDKs/current/sdk-core/pebble/aplite/lib/libpebble.a(tmpLyyLn8pebble.o)
                0x0000000000003e50                app_message_register_inbox_dropped
 .text.app_message_register_inbox_received
                0x0000000000003e5c        0xc /home/charlie/.pebble-sdk/SDKs/current/sdk-core/pebble/aplite/lib/libpebble.a(tmpLyyLn8pebble.o)
                0x0000000000003e5c                app_message_register_inbox_received
 .text.app_message_register_outbox_failed
                0x0000000000003e68        0xc /home/charlie/.pebble-sdk/SDKs/current/sdk-core/pebble/aplite/lib/libpebble.a(tmpLyyLn8pebble.o)
                0x0000000000003e68                app_message_register_outbox_failed
 .text.app_message_register_outbox_sent
                0x0000000000003e74        0xc /home/charlie/.pebble-sdk/SDKs/current/sdk-core/pebble/aplite/lib/libpebble.a(tmpLyyLn8pebble.o)
                0x0000000000003e74                app_message_register_outbox_sent
 .text.app_message_set_context
                0x0000000000003e80        0xc /home/charlie/.pebble-sdk/SDKs/current/sdk-core/pebble/aplite/lib/libpebble.a(tmpLyyLn8pebble.o)
                0x0000000000003e80                app_message_set_context
 .text.window_long_click_subscribe
                0x0000000000003e8c        0xc /home/charlie/.pebble-sdk/SDKs/current/sdk-core/pebble/aplite/lib/libpebble.a(tmpLyyLn8pebble.o)
                0x0000000000003e8c                window_long_click_subscribe
 .text.window_set_click_context
                0x0000000000003e98        0xc /home/charlie/.pebble-sdk/SDKs/current/sdk-core/pebble/aplite/lib/libpebble.a(tmpLyyLn8pebble.o)
                0x0000000000003e98                window_set_click_context
 .text.window_single_click_subscribe
                0x0000000000003ea4        0xc /home/charlie/.pebble-sdk/SDKs/current/sdk-core/pebble/aplite/lib/libpebble.a(tmpLyyLn8pebble.o)
                0x0000000000003ea4                window_single_click_subscribe
 .text.graphics_draw_text
                0x0000000000003eb0        0xc /home/charlie/.pebble-sdk/SDKs/current/sdk-core/pebble/aplite/lib/libpebble.a(tmpLyyLn8pebble.o)
                0x0000000000003eb0                graphics_draw_text
 .text.accel_data_service_subscribe
                0x0000000000003ebc        0xc /home/charlie/.pebble-sdk/SDKs/current/sdk-core/pebble/aplite/lib/libpebble.a(tmpLyyLn8pebble.o)
                0x0000000000003ebc                accel_data_service_subscribe
 .text.launch_reason
                0x0000000000003ec8        0xc /home/charlie/.pebble-sdk/SDKs/current/sdk-core/pebble/aplite/lib/libpebble.a(tmpLyyLn8pebble.o)
                0x0000000000003ec8                launch_reason
 .text.wakeup_cancel
                0x0000000000003ed4        0xc /home/charlie/.pebble-sdk/SDKs/current/sdk-core/pebble/aplite/lib/libpebble.a(tmpLyyLn8pebble.o)
                0x0000000000003ed4                wakeup_cancel
 .text.wakeup_cancel_all
                0x0000000000003ee0        0xc /home/charlie/.pebble-sdk/SDKs/current/sdk-core/pebble/aplite/lib/libpebble.a(tmpLyyLn8pebble.o)
                0x0000000000003ee0                wakeup_cancel_all
 .text.wakeup_get_launch_event
                0x0000000000003eec        0xc /home/charlie/.pebble-sdk/SDKs/current/sdk-core/pebble/aplite/lib/libpebble.a(tmpLyyLn8pebble.o)
                0x0000000000003eec                wakeup_get_launch_event
 .text.wakeup_schedule
                0x0000000000003ef8        0xc /home/charlie/.pebble-sdk/SDKs/current/sdk-core/pebble/aplite/lib/libpebble.a(tmpLyyLn8pebble.o)
                0x0000000000003ef8                wakeup_schedule
 .text.wakeup_service_subscribe
                0x0000000000003f04        0xc /home/charlie/.pebble-sdk/SDKs/current/sdk-core/pebble/aplite/lib/libpebble.a(tmpLyyLn8pebble.o)
                0x0000000000003f04                wakeup_service_subscribe
 .text.clock_is_timezone_set
                0x0000000000003f10        0xc /home/charlie/.pebble-sdk/SDKs/current/sdk-core/pebble/aplite/lib/libpebble.a(tmpLyyLn8pebble.o)
                0x0000000000003f10                clock_is_timezone_set
 .text.graphics_context_set_fill_color
                0x0000000000003f1c        0xc /home/charlie/.pebble-sdk/SDKs/current/sdk-core/pebble/aplite/lib/libpebble.a(tmpLyyLn8pebble.o)
                0x0000000000003f1c                graphics_context_set_fill_color
 .text.graphics_context_set_stroke_color
                0x0000000000003f28        0xc /home/charlie/.pebble-sdk/SDKs/current/sdk-core/pebble/aplite/lib/libpebble.a(tmpLyyLn8pebble.o)
                0x0000000000003f28                graphics_context_set_stroke_color
 .text.graphics_context_set_text_color
                0x0000000000003f34        0xc /home/charlie/.pebble-sdk/SDKs/current/sdk-core/pebble/aplite/lib/libpebble.a(tmpLyyLn8pebble.o)
                0x0000000000003f34                graphics_context_set_text_color
 .text.window_set_background_color
                0x0000000000003f40        0xc /home/charlie/.pebble-sdk/SDKs/current/sdk-core/pebble/aplite/lib/libpebble.a(tmpLyyLn8pebble.o)
                0x0000000000003f40                window_set_background_color
 .text.localtime
                0x0000000000003f4c        0xc /home/charlie/.pebble-sdk/SDKs/current/sdk-core/pebble/aplite/lib/libpebble.a(tmpLyyLn8pebble.o)
                0x0000000000003f4c                localtime
 .text.animation_destroy
                0x0000000000003f58        0xc /home/charlie/.pebble-sdk/SDKs/current/sdk-core/pebble/aplite/lib/libpebble.a(tmpLyyLn8pebble.o)
                0x0000000000003f58                animation_destroy
 .text.animation_schedule
                0x0000000000003f64        0xc /home/charlie/.pebble-sdk/SDKs/current/sdk-core/pebble/aplite/lib/libpebble.a(tmpLyyLn8pebble.o)
                0x0000000000003f64                animation_schedule
 .text.animation_set_curve
                0x0000000000003f70        0xc /home/charlie/.pebble-sdk/SDKs/current/sdk-core/pebble/aplite/lib/libpebble.a(tmpLyyLn8pebble.o)
                0x0000000000003f70                animation_set_curve
 .text.animation_set_duration
                0x0000000000003f7c        0xc /home/charlie/.pebble-sdk/SDKs/current/sdk-core/pebble/aplite/lib/libpebble.a(tmpLyyLn8pebble.o)
                0x0000000000003f7c                animation_set_duration
 .text.animation_set_handlers
                0x0000000000003f88        0xc /home/charlie/.pebble-sdk/SDKs/current/sdk-core/pebble/aplite/lib/libpebble.a(tmpLyyLn8pebble.o)
                0x0000000000003f88                animation_set_handlers
 .text.animation_unschedule
                0x0000000000003f94        0xc /home/charlie/.pebble-sdk/SDKs/current/sdk-core/pebble/aplite/lib/libpebble.a(tmpLyyLn8pebble.o)
                0x0000000000003f94                animation_unschedule
 .text.property_animation_create
                0x0000000000003fa0        0xc /home/charlie/.pebble-sdk/SDKs/current/sdk-core/pebble/aplite/lib/libpebble.a(tmpLyyLn8pebble.o)
                0x0000000000003fa0                property_animation_create
 .text.property_animation_destroy
                0x0000000000003fac        0xc /home/charlie/.pebble-sdk/SDKs/current/sdk-core/pebble/aplite/lib/libpebble.a(tmpLyyLn8pebble.o)
                0x0000000000003fac                property_animation_destroy
 .text.property_animation_from
                0x0000000000003fb8        0xc /home/charlie/.pebble-sdk/SDKs/current/sdk-core/pebble/aplite/lib/libpebble.a(tmpLyyLn8pebble.o)
                0x0000000000003fb8                property_animation_from
 .text.property_animation_to
                0x0000000000003fc4        0xc /home/charlie/.pebble-sdk/SDKs/current/sdk-core/pebble/aplite/lib/libpebble.a(tmpLyyLn8pebble.o)
                0x0000000000003fc4                property_animation_to
 .text.property_animation_update_grect
                0x0000000000003fd0        0xc /home/charlie/.pebble-sdk/SDKs/current/sdk-core/pebble/aplite/lib/libpebble.a(tmpLyyLn8pebble.o)
                0x0000000000003fd0                property_animation_update_grect
 .text.gbitmap_get_bounds
                0x0000000000003fdc        0xc /home/charlie/.pebble-sdk/SDKs/current/sdk-core/pebble/aplite/lib/libpebble.a(tmpLyyLn8pebble.o)
                0x0000000000003fdc                gbitmap_get_bounds
 .text.gbitmap_get_format
                0x0000000000003fe8        0xc /home/charlie/.pebble-sdk/SDKs/current/sdk-core/pebble/aplite/lib/libpebble.a(tmpLyyLn8pebble.o)
                0x0000000000003fe8                gbitmap_get_format
 .text.gbitmap_get_palette
                0x0000000000003ff4        0xc /home/charlie/.pebble-sdk/SDKs/current/sdk-core/pebble/aplite/lib/libpebble.a(tmpLyyLn8pebble.o)
                0x0000000000003ff4                gbitmap_get_palette
 .text.gbitmap_set_palette
                0x0000000000004000        0xc /home/charlie/.pebble-sdk/SDKs/current/sdk-core/pebble/aplite/lib/libpebble.a(tmpLyyLn8pebble.o)
                0x0000000000004000                gbitmap_set_palette
 .text.gbitmap_create_from_png_data
                0x000000000000400c        0xc /home/charlie/.pebble-sdk/SDKs/current/sdk-core/pebble/aplite/lib/libpebble.a(tmpLyyLn8pebble.o)
                0x000000000000400c                gbitmap_create_from_png_data
 .text.launch_get_args
                0x0000000000004018        0xc /home/charlie/.pebble-sdk/SDKs/current/sdk-core/pebble/aplite/lib/libpebble.a(tmpLyyLn8pebble.o)
                0x0000000000004018                launch_get_args
 .text.menu_layer_create
                0x0000000000004024        0xc /home/charlie/.pebble-sdk/SDKs/current/sdk-core/pebble/aplite/lib/libpebble.a(tmpLyyLn8pebble.o)
                0x0000000000004024                menu_layer_create
 .text.graphics_context_set_antialiased
                0x0000000000004030        0xc /home/charlie/.pebble-sdk/SDKs/current/sdk-core/pebble/aplite/lib/libpebble.a(tmpLyyLn8pebble.o)
                0x0000000000004030                graphics_context_set_antialiased
 .text.graphics_context_set_stroke_width
                0x000000000000403c        0xc /home/charlie/.pebble-sdk/SDKs/current/sdk-core/pebble/aplite/lib/libpebble.a(tmpLyyLn8pebble.o)
                0x000000000000403c                graphics_context_set_stroke_width
 .text.action_bar_layer_add_to_window
                0x0000000000004048        0xc /home/charlie/.pebble-sdk/SDKs/current/sdk-core/pebble/aplite/lib/libpebble.a(tmpLyyLn8pebble.o)
                0x0000000000004048                action_bar_layer_add_to_window
 .text.action_bar_layer_clear_icon
                0x0000000000004054        0xc /home/charlie/.pebble-sdk/SDKs/current/sdk-core/pebble/aplite/lib/libpebble.a(tmpLyyLn8pebble.o)
                0x0000000000004054                action_bar_layer_clear_icon
 .text.action_bar_layer_create
                0x0000000000004060        0xc /home/charlie/.pebble-sdk/SDKs/current/sdk-core/pebble/aplite/lib/libpebble.a(tmpLyyLn8pebble.o)
                0x0000000000004060                action_bar_layer_create
 .text.action_bar_layer_destroy
                0x000000000000406c        0xc /home/charlie/.pebble-sdk/SDKs/current/sdk-core/pebble/aplite/lib/libpebble.a(tmpLyyLn8pebble.o)
                0x000000000000406c                action_bar_layer_destroy
 .text.action_bar_layer_get_layer
                0x0000000000004078        0xc /home/charlie/.pebble-sdk/SDKs/current/sdk-core/pebble/aplite/lib/libpebble.a(tmpLyyLn8pebble.o)
                0x0000000000004078                action_bar_layer_get_layer
 .text.action_bar_layer_remove_from_window
                0x0000000000004084        0xc /home/charlie/.pebble-sdk/SDKs/current/sdk-core/pebble/aplite/lib/libpebble.a(tmpLyyLn8pebble.o)
                0x0000000000004084                action_bar_layer_remove_from_window
 .text.action_bar_layer_set_background_color
                0x0000000000004090        0xc /home/charlie/.pebble-sdk/SDKs/current/sdk-core/pebble/aplite/lib/libpebble.a(tmpLyyLn8pebble.o)
                0x0000000000004090                action_bar_layer_set_background_color
 .text.action_bar_layer_set_click_config_provider
                0x000000000000409c        0xc /home/charlie/.pebble-sdk/SDKs/current/sdk-core/pebble/aplite/lib/libpebble.a(tmpLyyLn8pebble.o)
                0x000000000000409c                action_bar_layer_set_click_config_provider
 .text.action_bar_layer_set_context
                0x00000000000040a8        0xc /home/charlie/.pebble-sdk/SDKs/current/sdk-core/pebble/aplite/lib/libpebble.a(tmpLyyLn8pebble.o)
                0x00000000000040a8                action_bar_layer_set_context
 .text.action_bar_layer_set_icon
                0x00000000000040b4        0xc /home/charlie/.pebble-sdk/SDKs/current/sdk-core/pebble/aplite/lib/libpebble.a(tmpLyyLn8pebble.o)
                0x00000000000040b4                action_bar_layer_set_icon
 .text.menu_cell_layer_is_highlighted
                0x00000000000040c0        0xc /home/charlie/.pebble-sdk/SDKs/current/sdk-core/pebble/aplite/lib/libpebble.a(tmpLyyLn8pebble.o)
                0x00000000000040c0                menu_cell_layer_is_highlighted
 .text.time     0x00000000000040cc        0xc /home/charlie/.pebble-sdk/SDKs/current/sdk-core/pebble/aplite/lib/libpebble.a(tmpLyyLn8pebble.o)
                0x00000000000040cc                time
 .text.menu_layer_set_highlight_colors
                0x00000000000040d8        0xc /home/charlie/.pebble-sdk/SDKs/current/sdk-core/pebble/aplite/lib/libpebble.a(tmpLyyLn8pebble.o)
                0x00000000000040d8                menu_layer_set_highlight_colors
 .text.menu_layer_set_normal_colors
                0x00000000000040e4        0xc /home/charlie/.pebble-sdk/SDKs/current/sdk-core/pebble/aplite/lib/libpebble.a(tmpLyyLn8pebble.o)
                0x00000000000040e4                menu_layer_set_normal_colors
 .text.menu_layer_set_callbacks
                0x00000000000040f0        0xc /home/charlie/.pebble-sdk/SDKs/current/sdk-core/pebble/aplite/lib/libpebble.a(tmpLyyLn8pebble.o)
                0x00000000000040f0                menu_layer_set_callbacks
 .text.status_bar_layer_create
                0x00000000000040fc        0xc /home/charlie/.pebble-sdk/SDKs/current/sdk-core/pebble/aplite/lib/libpebble.a(tmpLyyLn8pebble.o)
                0x00000000000040fc                status_bar_layer_create
 .text.status_bar_layer_destroy
                0x0000000000004108        0xc /home/charlie/.pebble-sdk/SDKs/current/sdk-core/pebble/aplite/lib/libpebble.a(tmpLyyLn8pebble.o)
                0x0000000000004108                status_bar_layer_destroy
 .text.status_bar_layer_get_layer
                0x0000000000004114        0xc /home/charlie/.pebble-sdk/SDKs/current/sdk-core/pebble/aplite/lib/libpebble.a(tmpLyyLn8pebble.o)
                0x0000000000004114                status_bar_layer_get_layer
 .text.status_bar_layer_set_colors
                0x0000000000004120        0xc /home/charlie/.pebble-sdk/SDKs/current/sdk-core/pebble/aplite/lib/libpebble.a(tmpLyyLn8pebble.o)
                0x0000000000004120                status_bar_layer_set_colors
 .text.status_bar_layer_set_separator_mode
                0x000000000000412c        0xc /home/charlie/.pebble-sdk/SDKs/current/sdk-core/pebble/aplite/lib/libpebble.a(tmpLyyLn8pebble.o)
                0x000000000000412c                status_bar_layer_set_separator_mode
 .text.time_ms  0x0000000000004138        0xc /home/charlie/.pebble-sdk/SDKs/current/sdk-core/pebble/aplite/lib/libpebble.a(tmpLyyLn8pebble.o)
                0x0000000000004138                time_ms
 .text.grect_inset
                0x0000000000004144        0xc /home/charlie/.pebble-sdk/SDKs/current/sdk-core/pebble/aplite/lib/libpebble.a(tmpLyyLn8pebble.o)
                0x0000000000004144                grect_inset
 .text.gpoint_from_polar
                0x0000000000004150        0xc /home/charlie/.pebble-sdk/SDKs/current/sdk-core/pebble/aplite/lib/libpebble.a(tmpLyyLn8pebble.o)
                0x0000000000004150                gpoint_from_polar
 .text.graphics_draw_arc
                0x000000000000415c        0xc /home/charlie/.pebble-sdk/SDKs/current/sdk-core/pebble/aplite/lib/libpebble.a(tmpLyyLn8pebble.o)
                0x000000000000415c                graphics_draw_arc
 .text.graphics_fill_radial
                0x0000000000004168        0xc /home/charlie/.pebble-sdk/SDKs/current/sdk-core/pebble/aplite/lib/libpebble.a(tmpLyyLn8pebble.o)
                0x0000000000004168                graphics_fill_radial
 .text.graphics_text_attributes_create
                0x0000000000004174        0xc /home/charlie/.pebble-sdk/SDKs/current/sdk-core/pebble/aplite/lib/libpebble.a(tmpLyyLn8pebble.o)
                0x0000000000004174                graphics_text_attributes_create
 .text.graphics_text_attributes_destroy
                0x0000000000004180        0xc /home/charlie/.pebble-sdk/SDKs/current/sdk-core/pebble/aplite/lib/libpebble.a(tmpLyyLn8pebble.o)
                0x0000000000004180                graphics_text_attributes_destroy
 .text.graphics_text_layout_get_content_size_with_attributes
                0x000000000000418c        0xc /home/charlie/.pebble-sdk/SDKs/current/sdk-core/pebble/aplite/lib/libpebble.a(tmpLyyLn8pebble.o)
                0x000000000000418c                graphics_text_layout_get_content_size_with_attributes
 .text.scroll_layer_set_paging
                0x0000000000004198        0xc /home/charlie/.pebble-sdk/SDKs/current/sdk-core/pebble/aplite/lib/libpebble.a(tmpLyyLn8pebble.o)
                0x0000000000004198                scroll_layer_set_paging
 *(.rodata)
 *(.rodata*)
 .rodata.str1.1
                0x00000000000041a4       0x1b src/simply/simply_menu.c.25.o
                                         0x1c (size before relaxing)
 .rodata.str1.1
                0x00000000000041bf       0x26 src/simply/simply_msg.c.25.o
 .rodata.str1.1
                0x00000000000041e5       0x16 src/simply/simply_stage.c.25.o
 .rodata.CSWTCH.22
                0x00000000000041fb        0x7 src/simply/simply_stage.c.25.o
 .rodata.str1.1
                0x0000000000004202       0x7d src/simply/simply_ui.c.25.o

.glue_7         0x0000000000004280        0x0
 .glue_7        0x0000000000000000        0x0 linker stubs

.glue_7t        0x0000000000004280        0x0
 .glue_7t       0x0000000000000000        0x0 linker stubs

.vfp11_veneer   0x0000000000004280        0x0
 .vfp11_veneer  0x0000000000000000        0x0 linker stubs

.v4_bx          0x0000000000004280        0x0
 .v4_bx         0x0000000000000000        0x0 linker stubs

.iplt           0x0000000000004280        0x0
 .iplt          0x0000000000000000        0x0 /home/charlie/Development/pebble-sdk-4.2-linux64/arm-cs-tools/bin/../lib/gcc/arm-none-eabi/4.7.2/thumb2/crtbegin.o

.rel.dyn        0x0000000000004280        0x0
 .rel.iplt      0x0000000000000000        0x0 /home/charlie/Development/pebble-sdk-4.2-linux64/arm-cs-tools/bin/../lib/gcc/arm-none-eabi/4.7.2/thumb2/crtbegin.o

.ARM.exidx      0x0000000000004280        0x8
 .ARM.exidx     0x0000000000004280        0x8 /home/charlie/Development/pebble-sdk-4.2-linux64/arm-cs-tools/bin/../lib/gcc/arm-none-eabi/4.7.2/thumb2/libgcc.a(_divdi3.o)
 .ARM.exidx     0x0000000000004288        0x0 /home/charlie/Development/pebble-sdk-4.2-linux64/arm-cs-tools/bin/../lib/gcc/arm-none-eabi/4.7.2/thumb2/libgcc.a(_udivdi3.o)
                                          0x8 (size before relaxing)

.data           0x0000000000004288       0xae
 *(.data)
 .data          0x0000000000004288        0x0 /home/charlie/Development/pebble-sdk-4.2-linux64/arm-cs-tools/bin/../lib/gcc/arm-none-eabi/4.7.2/thumb2/crti.o
 .data          0x0000000000004288        0x4 /home/charlie/Development/pebble-sdk-4.2-linux64/arm-cs-tools/bin/../lib/gcc/arm-none-eabi/4.7.2/thumb2/crtbegin.o
                0x0000000000004288                __dso_handle
 .data          0x000000000000428c        0x0 src/main.c.25.o
 .data          0x000000000000428c        0x0 src/simply/simply.c.25.o
 .data          0x000000000000428c        0x0 src/simply/simply_accel.c.25.o
 .data          0x000000000000428c        0x0 src/simply/simply_menu.c.25.o
 .data          0x000000000000428c        0x0 src/simply/simply_msg.c.25.o
 .data          0x000000000000428c        0x0 src/simply/simply_res.c.25.o
 .data          0x000000000000428c        0x0 src/simply/simply_splash.c.25.o
 .data          0x000000000000428c        0x0 src/simply/simply_stage.c.25.o
 .data          0x000000000000428c        0x0 src/simply/simply_ui.c.25.o
 .data          0x000000000000428c        0x0 src/simply/simply_voice.c.25.o
 .data          0x000000000000428c        0x0 src/simply/simply_wakeup.c.25.o
 .data          0x000000000000428c        0x0 src/simply/simply_window.c.25.o
 .data          0x000000000000428c        0x0 src/simply/simply_window_stack.c.25.o
 .data          0x000000000000428c        0x0 aplite/appinfo.auto.c.25.o
 .data          0x000000000000428c        0x0 /home/charlie/.pebble-sdk/SDKs/current/sdk-core/pebble/aplite/lib/libpebble.a(tmpLyyLn8pebble.o)
 .data          0x000000000000428c        0x0 /home/charlie/Development/pebble-sdk-4.2-linux64/arm-cs-tools/bin/../lib/gcc/arm-none-eabi/4.7.2/thumb2/libgcc.a(_aeabi_ldivmod.o)
 .data          0x000000000000428c        0x0 /home/charlie/Development/pebble-sdk-4.2-linux64/arm-cs-tools/bin/../lib/gcc/arm-none-eabi/4.7.2/thumb2/libgcc.a(bpabi.o)
 .data          0x000000000000428c        0x0 /home/charlie/Development/pebble-sdk-4.2-linux64/arm-cs-tools/bin/../lib/gcc/arm-none-eabi/4.7.2/thumb2/libgcc.a(_dvmd_tls.o)
 .data          0x000000000000428c        0x0 /home/charlie/Development/pebble-sdk-4.2-linux64/arm-cs-tools/bin/../lib/gcc/arm-none-eabi/4.7.2/thumb2/libgcc.a(_divdi3.o)
 .data          0x000000000000428c        0x0 /home/charlie/Development/pebble-sdk-4.2-linux64/arm-cs-tools/bin/../lib/gcc/arm-none-eabi/4.7.2/thumb2/libgcc.a(_udivdi3.o)
 .data          0x000000000000428c        0x0 /home/charlie/Development/pebble-sdk-4.2-linux64/arm-cs-tools/bin/../lib/gcc/arm-none-eabi/4.7.2/thumb2/libgcc.a(_udivsi3.o)
 .data          0x000000000000428c        0x0 /home/charlie/Development/pebble-sdk-4.2-linux64/arm-cs-tools/bin/../lib/gcc/arm-none-eabi/4.7.2/thumb2/crtend.o
 .data          0x000000000000428c        0x0 /home/charlie/Development/pebble-sdk-4.2-linux64/arm-cs-tools/bin/../lib/gcc/arm-none-eabi/4.7.2/thumb2/crtn.o
 *(.data.*)
 .data.rel.ro.local.s_window_handlers.8341
                0x000000000000428c       0x10 src/simply/simply_menu.c.25.o
 .data.s_normal_palette
                0x000000000000429c        0x2 src/simply/simply_menu.c.25.o
 .data.s_inverted_palette
                0x000000000000429e        0x2 src/simply/simply_menu.c.25.o
 .data.rel.ro.implementation.8255
                0x00000000000042a0       0x14 src/simply/simply_stage.c.25.o
 .data.rel.ro.local.s_window_handlers.8381
                0x00000000000042b4       0x10 src/simply/simply_stage.c.25.o
 .data.rel.ro.local.s_window_handlers.8123
                0x00000000000042c4       0x10 src/simply/simply_ui.c.25.o
 .data.rel.ro.local.STYLES
                0x00000000000042d4       0x5f src/simply/simply_ui.c.25.o
 .data.s_button_palette
                0x0000000000004333        0x2 src/simply/simply_window.c.25.o
 .data.s_broadcast_window
                0x0000000000004335        0x1 src/simply/simply_window_stack.c.25.o

.igot.plt       0x0000000000004338        0x0
 .igot.plt      0x0000000000000000        0x0 /home/charlie/Development/pebble-sdk-4.2-linux64/arm-cs-tools/bin/../lib/gcc/arm-none-eabi/4.7.2/thumb2/crtbegin.o

.bss            0x0000000000004338      0x114
 *(.bss)
 *(.bss.*)
 .bss.s_accel   0x0000000000004338        0x4 src/simply/simply_accel.c.25.o
 .bss.s_provider.7897
                0x000000000000433c        0x4 src/simply/simply_menu.c.25.o
 .bss.s_has_communicated
                0x0000000000004340        0x1 src/simply/simply_msg.c.25.o
 *fill*         0x0000000000004341        0x3 
 .bss.s_msg     0x0000000000004344        0x4 src/simply/simply_msg.c.25.o
 .bss.time_text.8143
                0x0000000000004348      0x100 src/simply/simply_stage.c.25.o
 .bss.s_provider.7893
                0x0000000000004448        0x4 src/simply/simply_window.c.25.o

DISCARD
 libc.a(*)
 libm.a(*)
 libgcc.a(*)
 *(.eh_frame)
OUTPUT(/home/charlie/Development/PeblPark/pebblejs/build/aplite/pebble-app.elf elf32-littlearm)

.ARM.attributes
                0x0000000000000000       0x27
 .ARM.attributes
                0x0000000000000000       0x19 /home/charlie/Development/pebble-sdk-4.2-linux64/arm-cs-tools/bin/../lib/gcc/arm-none-eabi/4.7.2/thumb2/crti.o
 .ARM.attributes
                0x0000000000000019       0x29 /home/charlie/Development/pebble-sdk-4.2-linux64/arm-cs-tools/bin/../lib/gcc/arm-none-eabi/4.7.2/thumb2/crtbegin.o
 .ARM.attributes
                0x0000000000000042       0x33 src/main.c.25.o
 .ARM.attributes
                0x0000000000000075       0x33 src/simply/simply.c.25.o
 .ARM.attributes
                0x00000000000000a8       0x33 src/simply/simply_accel.c.25.o
 .ARM.attributes
                0x00000000000000db       0x33 src/simply/simply_menu.c.25.o
 .ARM.attributes
                0x000000000000010e       0x33 src/simply/simply_msg.c.25.o
 .ARM.attributes
                0x0000000000000141       0x33 src/simply/simply_res.c.25.o
 .ARM.attributes
                0x0000000000000174       0x33 src/simply/simply_splash.c.25.o
 .ARM.attributes
                0x00000000000001a7       0x33 src/simply/simply_stage.c.25.o
 .ARM.attributes
                0x00000000000001da       0x33 src/simply/simply_ui.c.25.o
 .ARM.attributes
                0x000000000000020d       0x33 src/simply/simply_voice.c.25.o
 .ARM.attributes
                0x0000000000000240       0x33 src/simply/simply_wakeup.c.25.o
 .ARM.attributes
                0x0000000000000273       0x33 src/simply/simply_window.c.25.o
 .ARM.attributes
                0x00000000000002a6       0x33 src/simply/simply_window_stack.c.25.o
 .ARM.attributes
                0x00000000000002d9       0x33 aplite/appinfo.auto.c.25.o
 .ARM.attributes
                0x000000000000030c       0x21 /home/charlie/.pebble-sdk/SDKs/current/sdk-core/pebble/aplite/lib/libpebble.a(tmpLyyLn8pebble.o)
 .ARM.attributes
                0x000000000000032d       0x19 /home/charlie/Development/pebble-sdk-4.2-linux64/arm-cs-tools/bin/../lib/gcc/arm-none-eabi/4.7.2/thumb2/libgcc.a(_aeabi_ldivmod.o)
 .ARM.attributes
                0x0000000000000346       0x29 /home/charlie/Development/pebble-sdk-4.2-linux64/arm-cs-tools/bin/../lib/gcc/arm-none-eabi/4.7.2/thumb2/libgcc.a(bpabi.o)
 .ARM.attributes
                0x000000000000036f       0x19 /home/charlie/Development/pebble-sdk-4.2-linux64/arm-cs-tools/bin/../lib/gcc/arm-none-eabi/4.7.2/thumb2/libgcc.a(_dvmd_tls.o)
 .ARM.attributes
                0x0000000000000388       0x29 /home/charlie/Development/pebble-sdk-4.2-linux64/arm-cs-tools/bin/../lib/gcc/arm-none-eabi/4.7.2/thumb2/libgcc.a(_divdi3.o)
 .ARM.attributes
                0x00000000000003b1       0x29 /home/charlie/Development/pebble-sdk-4.2-linux64/arm-cs-tools/bin/../lib/gcc/arm-none-eabi/4.7.2/thumb2/libgcc.a(_udivdi3.o)
 .ARM.attributes
                0x00000000000003da       0x19 /home/charlie/Development/pebble-sdk-4.2-linux64/arm-cs-tools/bin/../lib/gcc/arm-none-eabi/4.7.2/thumb2/libgcc.a(_udivsi3.o)
 .ARM.attributes
                0x00000000000003f3       0x29 /home/charlie/Development/pebble-sdk-4.2-linux64/arm-cs-tools/bin/../lib/gcc/arm-none-eabi/4.7.2/thumb2/crtend.o
 .ARM.attributes
                0x000000000000041c       0x19 /home/charlie/Development/pebble-sdk-4.2-linux64/arm-cs-tools/bin/../lib/gcc/arm-none-eabi/4.7.2/thumb2/crtn.o

.comment        0x0000000000000000       0x4e
 .comment       0x0000000000000000       0x4e /home/charlie/Development/pebble-sdk-4.2-linux64/arm-cs-tools/bin/../lib/gcc/arm-none-eabi/4.7.2/thumb2/crtbegin.o
                                         0x4f (size before relaxing)
 .comment       0x0000000000000000       0x4f src/main.c.25.o
 .comment       0x0000000000000000       0x4f src/simply/simply.c.25.o
 .comment       0x0000000000000000       0x4f src/simply/simply_accel.c.25.o
 .comment       0x0000000000000000       0x4f src/simply/simply_menu.c.25.o
 .comment       0x0000000000000000       0x4f src/simply/simply_msg.c.25.o
 .comment       0x0000000000000000       0x4f src/simply/simply_res.c.25.o
 .comment       0x0000000000000000       0x4f src/simply/simply_splash.c.25.o
 .comment       0x0000000000000000       0x4f src/simply/simply_stage.c.25.o
 .comment       0x0000000000000000       0x4f src/simply/simply_ui.c.25.o
 .comment       0x0000000000000000       0x4f src/simply/simply_voice.c.25.o
 .comment       0x0000000000000000       0x4f src/simply/simply_wakeup.c.25.o
 .comment       0x0000000000000000       0x4f src/simply/simply_window.c.25.o
 .comment       0x0000000000000000       0x4f src/simply/simply_window_stack.c.25.o
 .comment       0x0000000000000000       0x4f aplite/appinfo.auto.c.25.o
 .comment       0x0000000000000000       0x4f /home/charlie/Development/pebble-sdk-4.2-linux64/arm-cs-tools/bin/../lib/gcc/arm-none-eabi/4.7.2/thumb2/libgcc.a(bpabi.o)
 .comment       0x0000000000000000       0x4f /home/charlie/Development/pebble-sdk-4.2-linux64/arm-cs-tools/bin/../lib/gcc/arm-none-eabi/4.7.2/thumb2/libgcc.a(_divdi3.o)
 .comment       0x0000000000000000       0x4f /home/charlie/Development/pebble-sdk-4.2-linux64/arm-cs-tools/bin/../lib/gcc/arm-none-eabi/4.7.2/thumb2/libgcc.a(_udivdi3.o)
 .comment       0x0000000000000000       0x4f /home/charlie/Development/pebble-sdk-4.2-linux64/arm-cs-tools/bin/../lib/gcc/arm-none-eabi/4.7.2/thumb2/crtend.o

.debug_info     0x0000000000000000    0x16188
 .debug_info    0x0000000000000000      0x256 src/main.c.25.o
 .debug_info    0x0000000000000256      0xcbc src/simply/simply.c.25.o
 .debug_info    0x0000000000000f12      0xd76 src/simply/simply_accel.c.25.o
 .debug_info    0x0000000000001c88     0x4191 src/simply/simply_menu.c.25.o
 .debug_info    0x0000000000005e19     0x2499 src/simply/simply_msg.c.25.o
 .debug_info    0x00000000000082b2     0x13d4 src/simply/simply_res.c.25.o
 .debug_info    0x0000000000009686      0x906 src/simply/simply_splash.c.25.o
 .debug_info    0x0000000000009f8c     0x45ab src/simply/simply_stage.c.25.o
 .debug_info    0x000000000000e537     0x2746 src/simply/simply_ui.c.25.o
 .debug_info    0x0000000000010c7d       0x80 src/simply/simply_voice.c.25.o
 .debug_info    0x0000000000010cfd      0xba1 src/simply/simply_wakeup.c.25.o
 .debug_info    0x000000000001189e     0x24f5 src/simply/simply_window.c.25.o
 .debug_info    0x0000000000013d93     0x104b src/simply/simply_window_stack.c.25.o
 .debug_info    0x0000000000014dde      0x337 aplite/appinfo.auto.c.25.o
 .debug_info    0x0000000000015115       0xb2 /home/charlie/Development/pebble-sdk-4.2-linux64/arm-cs-tools/bin/../lib/gcc/arm-none-eabi/4.7.2/thumb2/libgcc.a(_aeabi_ldivmod.o)
 .debug_info    0x00000000000151c7      0x174 /home/charlie/Development/pebble-sdk-4.2-linux64/arm-cs-tools/bin/../lib/gcc/arm-none-eabi/4.7.2/thumb2/libgcc.a(bpabi.o)
 .debug_info    0x000000000001533b       0xb6 /home/charlie/Development/pebble-sdk-4.2-linux64/arm-cs-tools/bin/../lib/gcc/arm-none-eabi/4.7.2/thumb2/libgcc.a(_dvmd_tls.o)
 .debug_info    0x00000000000153f1      0x68f /home/charlie/Development/pebble-sdk-4.2-linux64/arm-cs-tools/bin/../lib/gcc/arm-none-eabi/4.7.2/thumb2/libgcc.a(_divdi3.o)
 .debug_info    0x0000000000015a80      0x652 /home/charlie/Development/pebble-sdk-4.2-linux64/arm-cs-tools/bin/../lib/gcc/arm-none-eabi/4.7.2/thumb2/libgcc.a(_udivdi3.o)
 .debug_info    0x00000000000160d2       0xb6 /home/charlie/Development/pebble-sdk-4.2-linux64/arm-cs-tools/bin/../lib/gcc/arm-none-eabi/4.7.2/thumb2/libgcc.a(_udivsi3.o)

.debug_abbrev   0x0000000000000000     0x349d
 .debug_abbrev  0x0000000000000000      0x14d src/main.c.25.o
 .debug_abbrev  0x000000000000014d      0x28b src/simply/simply.c.25.o
 .debug_abbrev  0x00000000000003d8      0x354 src/simply/simply_accel.c.25.o
 .debug_abbrev  0x000000000000072c      0x5e0 src/simply/simply_menu.c.25.o
 .debug_abbrev  0x0000000000000d0c      0x58d src/simply/simply_msg.c.25.o
 .debug_abbrev  0x0000000000001299      0x449 src/simply/simply_res.c.25.o
 .debug_abbrev  0x00000000000016e2      0x2ca src/simply/simply_splash.c.25.o
 .debug_abbrev  0x00000000000019ac      0x5a9 src/simply/simply_stage.c.25.o
 .debug_abbrev  0x0000000000001f55      0x523 src/simply/simply_ui.c.25.o
 .debug_abbrev  0x0000000000002478       0x26 src/simply/simply_voice.c.25.o
 .debug_abbrev  0x000000000000249e      0x30b src/simply/simply_wakeup.c.25.o
 .debug_abbrev  0x00000000000027a9      0x4e5 src/simply/simply_window.c.25.o
 .debug_abbrev  0x0000000000002c8e      0x3e2 src/simply/simply_window_stack.c.25.o
 .debug_abbrev  0x0000000000003070       0x9e aplite/appinfo.auto.c.25.o
 .debug_abbrev  0x000000000000310e       0x14 /home/charlie/Development/pebble-sdk-4.2-linux64/arm-cs-tools/bin/../lib/gcc/arm-none-eabi/4.7.2/thumb2/libgcc.a(_aeabi_ldivmod.o)
 .debug_abbrev  0x0000000000003122       0xb7 /home/charlie/Development/pebble-sdk-4.2-linux64/arm-cs-tools/bin/../lib/gcc/arm-none-eabi/4.7.2/thumb2/libgcc.a(bpabi.o)
 .debug_abbrev  0x00000000000031d9       0x14 /home/charlie/Development/pebble-sdk-4.2-linux64/arm-cs-tools/bin/../lib/gcc/arm-none-eabi/4.7.2/thumb2/libgcc.a(_dvmd_tls.o)
 .debug_abbrev  0x00000000000031ed      0x151 /home/charlie/Development/pebble-sdk-4.2-linux64/arm-cs-tools/bin/../lib/gcc/arm-none-eabi/4.7.2/thumb2/libgcc.a(_divdi3.o)
 .debug_abbrev  0x000000000000333e      0x14b /home/charlie/Development/pebble-sdk-4.2-linux64/arm-cs-tools/bin/../lib/gcc/arm-none-eabi/4.7.2/thumb2/libgcc.a(_udivdi3.o)
 .debug_abbrev  0x0000000000003489       0x14 /home/charlie/Development/pebble-sdk-4.2-linux64/arm-cs-tools/bin/../lib/gcc/arm-none-eabi/4.7.2/thumb2/libgcc.a(_udivsi3.o)

.debug_loc      0x0000000000000000     0x9e61
 .debug_loc     0x0000000000000000       0x3e src/main.c.25.o
 .debug_loc     0x000000000000003e       0x7c src/simply/simply.c.25.o
 .debug_loc     0x00000000000000ba      0x4dc src/simply/simply_accel.c.25.o
 .debug_loc     0x0000000000000596     0x1dc1 src/simply/simply_menu.c.25.o
 .debug_loc     0x0000000000002357      0xbc5 src/simply/simply_msg.c.25.o
 .debug_loc     0x0000000000002f1c      0xccb src/simply/simply_res.c.25.o
 .debug_loc     0x0000000000003be7      0x1ec src/simply/simply_splash.c.25.o
 .debug_loc     0x0000000000003dd3     0x1897 src/simply/simply_stage.c.25.o
 .debug_loc     0x000000000000566a     0x115a src/simply/simply_ui.c.25.o
 .debug_loc     0x00000000000067c4      0x340 src/simply/simply_wakeup.c.25.o
 .debug_loc     0x0000000000006b04      0xdb0 src/simply/simply_window.c.25.o
 .debug_loc     0x00000000000078b4      0x6aa src/simply/simply_window_stack.c.25.o
 .debug_loc     0x0000000000007f5e       0xe0 /home/charlie/Development/pebble-sdk-4.2-linux64/arm-cs-tools/bin/../lib/gcc/arm-none-eabi/4.7.2/thumb2/libgcc.a(bpabi.o)
 .debug_loc     0x000000000000803e      0xebd /home/charlie/Development/pebble-sdk-4.2-linux64/arm-cs-tools/bin/../lib/gcc/arm-none-eabi/4.7.2/thumb2/libgcc.a(_divdi3.o)
 .debug_loc     0x0000000000008efb      0xf66 /home/charlie/Development/pebble-sdk-4.2-linux64/arm-cs-tools/bin/../lib/gcc/arm-none-eabi/4.7.2/thumb2/libgcc.a(_udivdi3.o)

.debug_aranges  0x0000000000000000      0x720
 .debug_aranges
                0x0000000000000000       0x20 src/main.c.25.o
 .debug_aranges
                0x0000000000000020       0x28 src/simply/simply.c.25.o
 .debug_aranges
                0x0000000000000048       0x50 src/simply/simply_accel.c.25.o
 .debug_aranges
                0x0000000000000098      0x130 src/simply/simply_menu.c.25.o
 .debug_aranges
                0x00000000000001c8       0x88 src/simply/simply_msg.c.25.o
 .debug_aranges
                0x0000000000000250       0xb0 src/simply/simply_res.c.25.o
 .debug_aranges
                0x0000000000000300       0x40 src/simply/simply_splash.c.25.o
 .debug_aranges
                0x0000000000000340       0xe0 src/simply/simply_stage.c.25.o
 .debug_aranges
                0x0000000000000420       0x98 src/simply/simply_ui.c.25.o
 .debug_aranges
                0x00000000000004b8       0x18 src/simply/simply_voice.c.25.o
 .debug_aranges
                0x00000000000004d0       0x38 src/simply/simply_wakeup.c.25.o
 .debug_aranges
                0x0000000000000508       0xd0 src/simply/simply_window.c.25.o
 .debug_aranges
                0x00000000000005d8       0x70 src/simply/simply_window_stack.c.25.o
 .debug_aranges
                0x0000000000000648       0x18 aplite/appinfo.auto.c.25.o
 .debug_aranges
                0x0000000000000660       0x20 /home/charlie/Development/pebble-sdk-4.2-linux64/arm-cs-tools/bin/../lib/gcc/arm-none-eabi/4.7.2/thumb2/libgcc.a(_aeabi_ldivmod.o)
 .debug_aranges
                0x0000000000000680       0x20 /home/charlie/Development/pebble-sdk-4.2-linux64/arm-cs-tools/bin/../lib/gcc/arm-none-eabi/4.7.2/thumb2/libgcc.a(bpabi.o)
 .debug_aranges
                0x00000000000006a0       0x20 /home/charlie/Development/pebble-sdk-4.2-linux64/arm-cs-tools/bin/../lib/gcc/arm-none-eabi/4.7.2/thumb2/libgcc.a(_dvmd_tls.o)
 .debug_aranges
                0x00000000000006c0       0x20 /home/charlie/Development/pebble-sdk-4.2-linux64/arm-cs-tools/bin/../lib/gcc/arm-none-eabi/4.7.2/thumb2/libgcc.a(_divdi3.o)
 .debug_aranges
                0x00000000000006e0       0x20 /home/charlie/Development/pebble-sdk-4.2-linux64/arm-cs-tools/bin/../lib/gcc/arm-none-eabi/4.7.2/thumb2/libgcc.a(_udivdi3.o)
 .debug_aranges
                0x0000000000000700       0x20 /home/charlie/Development/pebble-sdk-4.2-linux64/arm-cs-tools/bin/../lib/gcc/arm-none-eabi/4.7.2/thumb2/libgcc.a(_udivsi3.o)

.debug_ranges   0x0000000000000000     0x1310
 .debug_ranges  0x0000000000000000       0x10 src/main.c.25.o
 .debug_ranges  0x0000000000000010       0x18 src/simply/simply.c.25.o
 .debug_ranges  0x0000000000000028       0x88 src/simply/simply_accel.c.25.o
 .debug_ranges  0x00000000000000b0      0x360 src/simply/simply_menu.c.25.o
 .debug_ranges  0x0000000000000410      0x350 src/simply/simply_msg.c.25.o
 .debug_ranges  0x0000000000000760       0xe8 src/simply/simply_res.c.25.o
 .debug_ranges  0x0000000000000848       0x30 src/simply/simply_splash.c.25.o
 .debug_ranges  0x0000000000000878      0x450 src/simply/simply_stage.c.25.o
 .debug_ranges  0x0000000000000cc8      0x210 src/simply/simply_ui.c.25.o
 .debug_ranges  0x0000000000000ed8       0x58 src/simply/simply_wakeup.c.25.o
 .debug_ranges  0x0000000000000f30      0x120 src/simply/simply_window.c.25.o
 .debug_ranges  0x0000000000001050       0xc0 src/simply/simply_window_stack.c.25.o
 .debug_ranges  0x0000000000001110      0x108 /home/charlie/Development/pebble-sdk-4.2-linux64/arm-cs-tools/bin/../lib/gcc/arm-none-eabi/4.7.2/thumb2/libgcc.a(_divdi3.o)
 .debug_ranges  0x0000000000001218       0xf8 /home/charlie/Development/pebble-sdk-4.2-linux64/arm-cs-tools/bin/../lib/gcc/arm-none-eabi/4.7.2/thumb2/libgcc.a(_udivdi3.o)

.debug_line     0x0000000000000000     0x3b7e
 .debug_line    0x0000000000000000       0xad src/main.c.25.o
 .debug_line    0x00000000000000ad      0x2e6 src/simply/simply.c.25.o
 .debug_line    0x0000000000000393      0x2e1 src/simply/simply_accel.c.25.o
 .debug_line    0x0000000000000674      0x933 src/simply/simply_menu.c.25.o
 .debug_line    0x0000000000000fa7      0x52f src/simply/simply_msg.c.25.o
 .debug_line    0x00000000000014d6      0x4b6 src/simply/simply_res.c.25.o
 .debug_line    0x000000000000198c      0x284 src/simply/simply_splash.c.25.o
 .debug_line    0x0000000000001c10      0x7d8 src/simply/simply_stage.c.25.o
 .debug_line    0x00000000000023e8      0x637 src/simply/simply_ui.c.25.o
 .debug_line    0x0000000000002a1f       0x1d src/simply/simply_voice.c.25.o
 .debug_line    0x0000000000002a3c      0x328 src/simply/simply_wakeup.c.25.o
 .debug_line    0x0000000000002d64      0x5ac src/simply/simply_window.c.25.o
 .debug_line    0x0000000000003310      0x382 src/simply/simply_window_stack.c.25.o
 .debug_line    0x0000000000003692      0x146 aplite/appinfo.auto.c.25.o
 .debug_line    0x00000000000037d8       0x71 /home/charlie/Development/pebble-sdk-4.2-linux64/arm-cs-tools/bin/../lib/gcc/arm-none-eabi/4.7.2/thumb2/libgcc.a(_aeabi_ldivmod.o)
 .debug_line    0x0000000000003849       0x71 /home/charlie/Development/pebble-sdk-4.2-linux64/arm-cs-tools/bin/../lib/gcc/arm-none-eabi/4.7.2/thumb2/libgcc.a(bpabi.o)
 .debug_line    0x00000000000038ba       0x6d /home/charlie/Development/pebble-sdk-4.2-linux64/arm-cs-tools/bin/../lib/gcc/arm-none-eabi/4.7.2/thumb2/libgcc.a(_dvmd_tls.o)
 .debug_line    0x0000000000003927       0xef /home/charlie/Development/pebble-sdk-4.2-linux64/arm-cs-tools/bin/../lib/gcc/arm-none-eabi/4.7.2/thumb2/libgcc.a(_divdi3.o)
 .debug_line    0x0000000000003a16       0xd8 /home/charlie/Development/pebble-sdk-4.2-linux64/arm-cs-tools/bin/../lib/gcc/arm-none-eabi/4.7.2/thumb2/libgcc.a(_udivdi3.o)
 .debug_line    0x0000000000003aee       0x90 /home/charlie/Development/pebble-sdk-4.2-linux64/arm-cs-tools/bin/../lib/gcc/arm-none-eabi/4.7.2/thumb2/libgcc.a(_udivsi3.o)

.debug_str      0x0000000000000000     0x4f76
 .debug_str     0x0000000000000000      0x198 src/main.c.25.o
                                        0x1d7 (size before relaxing)
 .debug_str     0x0000000000000198      0x4ec src/simply/simply.c.25.o
                                        0x76a (size before relaxing)
 .debug_str     0x0000000000000684      0x6e9 src/simply/simply_accel.c.25.o
                                        0xa1c (size before relaxing)
 .debug_str     0x0000000000000d6d     0x130f src/simply/simply_menu.c.25.o
                                       0x1dd8 (size before relaxing)
 .debug_str     0x000000000000207c      0x826 src/simply/simply_msg.c.25.o
                                       0x144d (size before relaxing)
 .debug_str     0x00000000000028a2      0x2fd src/simply/simply_res.c.25.o
                                        0x6db (size before relaxing)
 .debug_str     0x0000000000002b9f      0x215 src/simply/simply_splash.c.25.o
                                        0x54b (size before relaxing)
 .debug_str     0x0000000000002db4      0xe71 src/simply/simply_stage.c.25.o
                                       0x1ebc (size before relaxing)
 .debug_str     0x0000000000003c25      0x488 src/simply/simply_ui.c.25.o
                                       0x1743 (size before relaxing)
 .debug_str     0x00000000000040ad       0x1d src/simply/simply_voice.c.25.o
                                         0xff (size before relaxing)
 .debug_str     0x00000000000040ca      0x25c src/simply/simply_wakeup.c.25.o
                                        0x991 (size before relaxing)
 .debug_str     0x0000000000004326      0x7bd src/simply/simply_window.c.25.o
                                       0x1551 (size before relaxing)
 .debug_str     0x0000000000004ae3      0x19c src/simply/simply_window_stack.c.25.o
                                        0xb7b (size before relaxing)
 .debug_str     0x0000000000004c7f      0x157 aplite/appinfo.auto.c.25.o
                                        0x37c (size before relaxing)
 .debug_str     0x0000000000004dd6       0xda /home/charlie/Development/pebble-sdk-4.2-linux64/arm-cs-tools/bin/../lib/gcc/arm-none-eabi/4.7.2/thumb2/libgcc.a(bpabi.o)
                                        0x10b (size before relaxing)
 .debug_str     0x0000000000004eb0       0xc6 /home/charlie/Development/pebble-sdk-4.2-linux64/arm-cs-tools/bin/../lib/gcc/arm-none-eabi/4.7.2/thumb2/libgcc.a(_divdi3.o)
                                        0x1d8 (size before relaxing)
 .debug_str     0x0000000000000000      0x1d9 /home/charlie/Development/pebble-sdk-4.2-linux64/arm-cs-tools/bin/../lib/gcc/arm-none-eabi/4.7.2/thumb2/libgcc.a(_udivdi3.o)

.debug_frame    0x0000000000000000     0x1220
 .debug_frame   0x0000000000000000       0x28 src/main.c.25.o
 .debug_frame   0x0000000000000028       0x44 src/simply/simply.c.25.o
 .debug_frame   0x000000000000006c       0xd0 src/simply/simply_accel.c.25.o
 .debug_frame   0x000000000000013c      0x394 src/simply/simply_menu.c.25.o
 .debug_frame   0x00000000000004d0      0x178 src/simply/simply_msg.c.25.o
 .debug_frame   0x0000000000000648      0x1e8 src/simply/simply_res.c.25.o
 .debug_frame   0x0000000000000830       0x9c src/simply/simply_splash.c.25.o
 .debug_frame   0x00000000000008cc      0x2a8 src/simply/simply_stage.c.25.o
 .debug_frame   0x0000000000000b74      0x1b4 src/simply/simply_ui.c.25.o
 .debug_frame   0x0000000000000d28       0x7c src/simply/simply_wakeup.c.25.o
 .debug_frame   0x0000000000000da4      0x284 src/simply/simply_window.c.25.o
 .debug_frame   0x0000000000001028      0x114 src/simply/simply_window_stack.c.25.o
 .debug_frame   0x000000000000113c       0x54 /home/charlie/Development/pebble-sdk-4.2-linux64/arm-cs-tools/bin/../lib/gcc/arm-none-eabi/4.7.2/thumb2/libgcc.a(bpabi.o)
 .debug_frame   0x0000000000001190       0x38 /home/charlie/Development/pebble-sdk-4.2-linux64/arm-cs-tools/bin/../lib/gcc/arm-none-eabi/4.7.2/thumb2/libgcc.a(_divdi3.o)
 .debug_frame   0x00000000000011c8       0x38 /home/charlie/Development/pebble-sdk-4.2-linux64/arm-cs-tools/bin/../lib/gcc/arm-none-eabi/4.7.2/thumb2/libgcc.a(_udivdi3.o)
 .debug_frame   0x0000000000001200       0x20 /home/charlie/Development/pebble-sdk-4.2-linux64/arm-cs-tools/bin/../lib/gcc/arm-none-eabi/4.7.2/thumb2/libgcc.a(_udivsi3.o)